Archive member included to satisfy reference by file (symbol)

/private/var/folders/f6/3cq9dwxx6pn4sdwk651kzpw80000gn/T/arduino/sketches/56523F91FB8FA3626961FDC660FDCFBE/../../cores/arduino_samd_mkr1000_5e30ad3070fa87fa8c95c243c0625563/core.a(SERCOM.cpp.o)
                              /private/var/folders/f6/3cq9dwxx6pn4sdwk651kzpw80000gn/T/arduino/sketches/56523F91FB8FA3626961FDC660FDCFBE/core/variant.cpp.o (SERCOM::SERCOM(Sercom*))
/private/var/folders/f6/3cq9dwxx6pn4sdwk651kzpw80000gn/T/arduino/sketches/56523F91FB8FA3626961FDC660FDCFBE/../../cores/arduino_samd_mkr1000_5e30ad3070fa87fa8c95c243c0625563/core.a(CDC.cpp.o)
                              /private/var/folders/f6/3cq9dwxx6pn4sdwk651kzpw80000gn/T/arduino/sketches/56523F91FB8FA3626961FDC660FDCFBE/sketch/lie_detector.ino.cpp.o (Serial_::begin(unsigned long))
/private/var/folders/f6/3cq9dwxx6pn4sdwk651kzpw80000gn/T/arduino/sketches/56523F91FB8FA3626961FDC660FDCFBE/../../cores/arduino_samd_mkr1000_5e30ad3070fa87fa8c95c243c0625563/core.a(USBCore.cpp.o)
                              /private/var/folders/f6/3cq9dwxx6pn4sdwk651kzpw80000gn/T/arduino/sketches/56523F91FB8FA3626961FDC660FDCFBE/../../cores/arduino_samd_mkr1000_5e30ad3070fa87fa8c95c243c0625563/core.a(CDC.cpp.o) (usbd)
/private/var/folders/f6/3cq9dwxx6pn4sdwk651kzpw80000gn/T/arduino/sketches/56523F91FB8FA3626961FDC660FDCFBE/../../cores/arduino_samd_mkr1000_5e30ad3070fa87fa8c95c243c0625563/core.a(Uart.cpp.o)
                              /private/var/folders/f6/3cq9dwxx6pn4sdwk651kzpw80000gn/T/arduino/sketches/56523F91FB8FA3626961FDC660FDCFBE/core/variant.cpp.o (Uart::Uart(SERCOM*, unsigned char, unsigned char, SercomRXPad, SercomUartTXPad))
/private/var/folders/f6/3cq9dwxx6pn4sdwk651kzpw80000gn/T/arduino/sketches/56523F91FB8FA3626961FDC660FDCFBE/../../cores/arduino_samd_mkr1000_5e30ad3070fa87fa8c95c243c0625563/core.a(WInterrupts.c.o)
                              /private/var/folders/f6/3cq9dwxx6pn4sdwk651kzpw80000gn/T/arduino/sketches/56523F91FB8FA3626961FDC660FDCFBE/sketch/lie_detector.ino.cpp.o (attachInterrupt)
/private/var/folders/f6/3cq9dwxx6pn4sdwk651kzpw80000gn/T/arduino/sketches/56523F91FB8FA3626961FDC660FDCFBE/../../cores/arduino_samd_mkr1000_5e30ad3070fa87fa8c95c243c0625563/core.a(WMath.cpp.o)
                              /private/var/folders/f6/3cq9dwxx6pn4sdwk651kzpw80000gn/T/arduino/sketches/56523F91FB8FA3626961FDC660FDCFBE/sketch/lie_detector.ino.cpp.o (random(long, long))
/private/var/folders/f6/3cq9dwxx6pn4sdwk651kzpw80000gn/T/arduino/sketches/56523F91FB8FA3626961FDC660FDCFBE/../../cores/arduino_samd_mkr1000_5e30ad3070fa87fa8c95c243c0625563/core.a(PluggableUSB.cpp.o)
                              /private/var/folders/f6/3cq9dwxx6pn4sdwk651kzpw80000gn/T/arduino/sketches/56523F91FB8FA3626961FDC660FDCFBE/../../cores/arduino_samd_mkr1000_5e30ad3070fa87fa8c95c243c0625563/core.a(USBCore.cpp.o) (arduino::PluggableUSB_::getInterface(unsigned char*))
/private/var/folders/f6/3cq9dwxx6pn4sdwk651kzpw80000gn/T/arduino/sketches/56523F91FB8FA3626961FDC660FDCFBE/../../cores/arduino_samd_mkr1000_5e30ad3070fa87fa8c95c243c0625563/core.a(Print.cpp.o)
                              /private/var/folders/f6/3cq9dwxx6pn4sdwk651kzpw80000gn/T/arduino/sketches/56523F91FB8FA3626961FDC660FDCFBE/../../cores/arduino_samd_mkr1000_5e30ad3070fa87fa8c95c243c0625563/core.a(Uart.cpp.o) (arduino::Print::write(unsigned char const*, unsigned int))
/private/var/folders/f6/3cq9dwxx6pn4sdwk651kzpw80000gn/T/arduino/sketches/56523F91FB8FA3626961FDC660FDCFBE/../../cores/arduino_samd_mkr1000_5e30ad3070fa87fa8c95c243c0625563/core.a(String.cpp.o)
                              /private/var/folders/f6/3cq9dwxx6pn4sdwk651kzpw80000gn/T/arduino/sketches/56523F91FB8FA3626961FDC660FDCFBE/sketch/lie_detector.ino.cpp.o (arduino::String::~String())
/private/var/folders/f6/3cq9dwxx6pn4sdwk651kzpw80000gn/T/arduino/sketches/56523F91FB8FA3626961FDC660FDCFBE/../../cores/arduino_samd_mkr1000_5e30ad3070fa87fa8c95c243c0625563/core.a(dtostrf.c.o)
                              /private/var/folders/f6/3cq9dwxx6pn4sdwk651kzpw80000gn/T/arduino/sketches/56523F91FB8FA3626961FDC660FDCFBE/../../cores/arduino_samd_mkr1000_5e30ad3070fa87fa8c95c243c0625563/core.a(String.cpp.o) (dtostrf)
/private/var/folders/f6/3cq9dwxx6pn4sdwk651kzpw80000gn/T/arduino/sketches/56523F91FB8FA3626961FDC660FDCFBE/../../cores/arduino_samd_mkr1000_5e30ad3070fa87fa8c95c243c0625563/core.a(cortex_handlers.c.o)
                              (Reset_Handler)
/private/var/folders/f6/3cq9dwxx6pn4sdwk651kzpw80000gn/T/arduino/sketches/56523F91FB8FA3626961FDC660FDCFBE/../../cores/arduino_samd_mkr1000_5e30ad3070fa87fa8c95c243c0625563/core.a(delay.c.o)
                              /private/var/folders/f6/3cq9dwxx6pn4sdwk651kzpw80000gn/T/arduino/sketches/56523F91FB8FA3626961FDC660FDCFBE/../../cores/arduino_samd_mkr1000_5e30ad3070fa87fa8c95c243c0625563/core.a(CDC.cpp.o) (millis)
[...]
Memory Configuration

Name             Origin             Length             Attributes
FLASH            0x0000000000002000 0x000000000003e000 xr
RAM              0x0000000020000000 0x0000000000008000 xrw
*default*        0x0000000000000000 0xffffffffffffffff

Linker script and memory map

LOAD /Users/farranmar/Library/Arduino15/packages/arduino/tools/arm-none-eabi-gcc/7-2017q4/bin/../lib/gcc/arm-none-eabi/7.2.1/thumb/v6-m/crti.o
LOAD /Users/farranmar/Library/Arduino15/packages/arduino/tools/arm-none-eabi-gcc/7-2017q4/bin/../lib/gcc/arm-none-eabi/7.2.1/thumb/v6-m/crtbegin.o
LOAD /Users/farranmar/Library/Arduino15/packages/arduino/tools/arm-none-eabi-gcc/7-2017q4/bin/../lib/gcc/arm-none-eabi/7.2.1/../../../../arm-none-eabi/lib/thumb/v6-m/crt0.o
LOAD /private/var/folders/f6/3cq9dwxx6pn4sdwk651kzpw80000gn/T/arduino/sketches/56523F91FB8FA3626961FDC660FDCFBE/sketch/lie_detector.ino.cpp.o
LOAD /private/var/folders/f6/3cq9dwxx6pn4sdwk651kzpw80000gn/T/arduino/sketches/56523F91FB8FA3626961FDC660FDCFBE/core/variant.cpp.o
START GROUP
LOAD /Users/farranmar/Library/Arduino15/packages/arduino/tools/CMSIS/4.5.0/CMSIS/Lib/GCC//libarm_cortexM0l_math.a
LOAD /private/var/folders/f6/3cq9dwxx6pn4sdwk651kzpw80000gn/T/arduino/sketches/56523F91FB8FA3626961FDC660FDCFBE/../../cores/arduino_samd_mkr1000_5e30ad3070fa87fa8c95c243c0625563/core.a
END GROUP
LOAD /Users/farranmar/Library/Arduino15/packages/arduino/tools/arm-none-eabi-gcc/7-2017q4/bin/../lib/gcc/arm-none-eabi/7.2.1/../../../../arm-none-eabi/lib/thumb/v6-m/libstdc++_nano.a
LOAD /Users/farranmar/Library/Arduino15/packages/arduino/tools/arm-none-eabi-gcc/7-2017q4/bin/../lib/gcc/arm-none-eabi/7.2.1/../../../../arm-none-eabi/lib/thumb/v6-m/libm.a
START GROUP
LOAD /Users/farranmar/Library/Arduino15/packages/arduino/tools/arm-none-eabi-gcc/7-2017q4/bin/../lib/gcc/arm-none-eabi/7.2.1/thumb/v6-m/libgcc.a
LOAD /Users/farranmar/Library/Arduino15/packages/arduino/tools/arm-none-eabi-gcc/7-2017q4/bin/../lib/gcc/arm-none-eabi/7.2.1/../../../../arm-none-eabi/lib/thumb/v6-m/libc_nano.a
END GROUP
START GROUP
LOAD /Users/farranmar/Library/Arduino15/packages/arduino/tools/arm-none-eabi-gcc/7-2017q4/bin/../lib/gcc/arm-none-eabi/7.2.1/thumb/v6-m/libgcc.a
LOAD /Users/farranmar/Library/Arduino15/packages/arduino/tools/arm-none-eabi-gcc/7-2017q4/bin/../lib/gcc/arm-none-eabi/7.2.1/../../../../arm-none-eabi/lib/thumb/v6-m/libc_nano.a
LOAD /Users/farranmar/Library/Arduino15/packages/arduino/tools/arm-none-eabi-gcc/7-2017q4/bin/../lib/gcc/arm-none-eabi/7.2.1/../../../../arm-none-eabi/lib/thumb/v6-m/libnosys.a
END GROUP
START GROUP
LOAD /Users/farranmar/Library/Arduino15/packages/arduino/tools/arm-none-eabi-gcc/7-2017q4/bin/../lib/gcc/arm-none-eabi/7.2.1/thumb/v6-m/libgcc.a
LOAD /Users/farranmar/Library/Arduino15/packages/arduino/tools/arm-none-eabi-gcc/7-2017q4/bin/../lib/gcc/arm-none-eabi/7.2.1/../../../../arm-none-eabi/lib/thumb/v6-m/libc_nano.a
LOAD /Users/farranmar/Library/Arduino15/packages/arduino/tools/arm-none-eabi-gcc/7-2017q4/bin/../lib/gcc/arm-none-eabi/7.2.1/../../../../arm-none-eabi/lib/thumb/v6-m/libnosys.a
END GROUP
LOAD /Users/farranmar/Library/Arduino15/packages/arduino/tools/arm-none-eabi-gcc/7-2017q4/bin/../lib/gcc/arm-none-eabi/7.2.1/thumb/v6-m/crtend.o
LOAD /Users/farranmar/Library/Arduino15/packages/arduino/tools/arm-none-eabi-gcc/7-2017q4/bin/../lib/gcc/arm-none-eabi/7.2.1/thumb/v6-m/crtn.o

.text           0x0000000000002000     0x3168
                0x0000000000002000                __text_start__ = .
 *(.sketch_boot)
                0x0000000000002000                . = ALIGN (0x2000)
 *(.isr_vector)
 .isr_vector    0x0000000000002000       0xb4 /private/var/folders/f6/3cq9dwxx6pn4sdwk651kzpw80000gn/T/arduino/sketches/56523F91FB8FA3626961FDC660FDCFBE/../../cores/arduino_samd_mkr1000_5e30ad3070fa87fa8c95c243c0625563/core.a(cortex_handlers.c.o)
                0x0000000000002000                exception_table
 *(.text*)
 .text          0x00000000000020b4       0x48 /Users/farranmar/Library/Arduino15/packages/arduino/tools/arm-none-eabi-gcc/7-2017q4/bin/../lib/gcc/arm-none-eabi/7.2.1/thumb/v6-m/crtbegin.o
 .text.loop     0x00000000000020fc       0x9c /private/var/folders/f6/3cq9dwxx6pn4sdwk651kzpw80000gn/T/arduino/sketches/56523F91FB8FA3626961FDC660FDCFBE/sketch/lie_detector.ino.cpp.o
                0x00000000000020fc                loop
 .text._Z11writeToRBufc
                0x0000000000002198       0x44 /private/var/folders/f6/3cq9dwxx6pn4sdwk651kzpw80000gn/T/arduino/sketches/56523F91FB8FA3626961FDC660FDCFBE/sketch/lie_detector.ino.cpp.o
                0x0000000000002198                writeToRBuf(char)
 .text._Z9uartDelaym
                0x00000000000021dc       0x12 /private/var/folders/f6/3cq9dwxx6pn4sdwk651kzpw80000gn/T/arduino/sketches/56523F91FB8FA3626961FDC660FDCFBE/sketch/lie_detector.ino.cpp.o
                0x00000000000021dc                uartDelay(unsigned long)
 *fill*         0x00000000000021ee        0x2 
 .text._Z11uartReceivev
                0x00000000000021f0       0x84 /private/var/folders/f6/3cq9dwxx6pn4sdwk651kzpw80000gn/T/arduino/sketches/56523F91FB8FA3626961FDC660FDCFBE/sketch/lie_detector.ino.cpp.o
                0x00000000000021f0                uartReceive()
 .text.setup    0x0000000000002274       0xb8 /private/var/folders/f6/3cq9dwxx6pn4sdwk651kzpw80000gn/T/arduino/sketches/56523F91FB8FA3626961FDC660FDCFBE/sketch/lie_detector.ino.cpp.o
                0x0000000000002274                setup
 .text.SERCOM5_Handler
                0x000000000000232c       0x10 /private/var/folders/f6/3cq9dwxx6pn4sdwk651kzpw80000gn/T/arduino/sketches/56523F91FB8FA3626961FDC660FDCFBE/core/variant.cpp.o
                0x000000000000232c                SERCOM5_Handler
 .text.startup._GLOBAL__sub_I_g_APinDescription
                0x000000000000233c       0x80 /private/var/folders/f6/3cq9dwxx6pn4sdwk651kzpw80000gn/T/arduino/sketches/56523F91FB8FA3626961FDC660FDCFBE/core/variant.cpp.o
 .text._ZN6SERCOMC2EP6Sercom
                0x00000000000023bc        0x8 /private/var/folders/f6/3cq9dwxx6pn4sdwk651kzpw80000gn/T/arduino/sketches/56523F91FB8FA3626961FDC660FDCFBE/../../cores/arduino_samd_mkr1000_5e30ad3070fa87fa8c95c243c0625563/core.a(SERCOM.cpp.o)
                0x00000000000023bc                SERCOM::SERCOM(Sercom*)
                0x00000000000023bc                SERCOM::SERCOM(Sercom*)
 .text._ZN6SERCOM9initFrameE18SercomUartCharSize15SercomDataOrder16SercomParityMode19SercomNumberStopBit
                0x00000000000023c4       0x3a /private/var/folders/f6/3cq9dwxx6pn4sdwk651kzpw80000gn/T/arduino/sketches/56523F91FB8FA3626961FDC660FDCFBE/../../cores/arduino_samd_mkr1000_5e30ad3070fa87fa8c95c243c0625563/core.a(SERCOM.cpp.o)
                0x00000000000023c4                SERCOM::initFrame(SercomUartCharSize, SercomDataOrder, SercomParityMode, SercomNumberStopBit)
 .text._ZN6SERCOM8initPadsE15SercomUartTXPad11SercomRXPad
                0x00000000000023fe       0x26 /private/var/folders/f6/3cq9dwxx6pn4sdwk651kzpw80000gn/T/arduino/sketches/56523F91FB8FA3626961FDC660FDCFBE/../../cores/arduino_samd_mkr1000_5e30ad3070fa87fa8c95c243c0625563/core.a(SERCOM.cpp.o)
                0x00000000000023fe                SERCOM::initPads(SercomUartTXPad, SercomRXPad)
 .text._ZN6SERCOM9resetUARTEv
                0x0000000000002424       0x1a /private/var/folders/f6/3cq9dwxx6pn4sdwk651kzpw80000gn/T/arduino/sketches/56523F91FB8FA3626961FDC660FDCFBE/../../cores/arduino_samd_mkr1000_5e30ad3070fa87fa8c95c243c0625563/core.a(SERCOM.cpp.o)
                0x0000000000002424                SERCOM::resetUART()
 .text._ZN6SERCOM10enableUARTEv
                0x000000000000243e       0x14 /private/var/folders/f6/3cq9dwxx6pn4sdwk651kzpw80000gn/T/arduino/sketches/56523F91FB8FA3626961FDC660FDCFBE/../../cores/arduino_samd_mkr1000_5e30ad3070fa87fa8c95c243c0625563/core.a(SERCOM.cpp.o)
                0x000000000000243e                SERCOM::enableUART()
 .text._ZN6SERCOM9flushUARTEv
                0x0000000000002452       0x14 /private/var/folders/f6/3cq9dwxx6pn4sdwk651kzpw80000gn/T/arduino/sketches/56523F91FB8FA3626961FDC660FDCFBE/../../cores/arduino_samd_mkr1000_5e30ad3070fa87fa8c95c243c0625563/core.a(SERCOM.cpp.o)
                0x0000000000002452                SERCOM::flushUART()
 .text._ZN6SERCOM15clearStatusUARTEv
                0x0000000000002466        0x8 /private/var/folders/f6/3cq9dwxx6pn4sdwk651kzpw80000gn/T/arduino/sketches/56523F91FB8FA3626961FDC660FDCFBE/../../cores/arduino_samd_mkr1000_5e30ad3070fa87fa8c95c243c0625563/core.a(SERCOM.cpp.o)
                0x0000000000002466                SERCOM::clearStatusUART()
 .text._ZN6SERCOM17availableDataUARTEv
                0x000000000000246e        0xa /private/var/folders/f6/3cq9dwxx6pn4sdwk651kzpw80000gn/T/arduino/sketches/56523F91FB8FA3626961FDC660FDCFBE/../../cores/arduino_samd_mkr1000_5e30ad3070fa87fa8c95c243c0625563/core.a(SERCOM.cpp.o)
                0x000000000000246e                SERCOM::availableDataUART()
 .text._ZN6SERCOM11isUARTErrorEv
                0x0000000000002478        0x8 /private/var/folders/f6/3cq9dwxx6pn4sdwk651kzpw80000gn/T/arduino/sketches/56523F91FB8FA3626961FDC660FDCFBE/../../cores/arduino_samd_mkr1000_5e30ad3070fa87fa8c95c243c0625563/core.a(SERCOM.cpp.o)
                0x0000000000002478                SERCOM::isUARTError()
 .text._ZN6SERCOM20acknowledgeUARTErrorEv
                0x0000000000002480        0xe /private/var/folders/f6/3cq9dwxx6pn4sdwk651kzpw80000gn/T/arduino/sketches/56523F91FB8FA3626961FDC660FDCFBE/../../cores/arduino_samd_mkr1000_5e30ad3070fa87fa8c95c243c0625563/core.a(SERCOM.cpp.o)
                0x0000000000002480                SERCOM::acknowledgeUARTError()
 .text._ZN6SERCOM16isFrameErrorUARTEv
                0x000000000000248e        0xa /private/var/folders/f6/3cq9dwxx6pn4sdwk651kzpw80000gn/T/arduino/sketches/56523F91FB8FA3626961FDC660FDCFBE/../../cores/arduino_samd_mkr1000_5e30ad3070fa87fa8c95c243c0625563/core.a(SERCOM.cpp.o)
                0x000000000000248e                SERCOM::isFrameErrorUART()
 .text._ZN6SERCOM19clearFrameErrorUARTEv
                0x0000000000002498        0xc /private/var/folders/f6/3cq9dwxx6pn4sdwk651kzpw80000gn/T/arduino/sketches/56523F91FB8FA3626961FDC660FDCFBE/../../cores/arduino_samd_mkr1000_5e30ad3070fa87fa8c95c243c0625563/core.a(SERCOM.cpp.o)
                0x0000000000002498                SERCOM::clearFrameErrorUART()
 .text._ZN6SERCOM23isDataRegisterEmptyUARTEv
                0x00000000000024a4        0xa /private/var/folders/f6/3cq9dwxx6pn4sdwk651kzpw80000gn/T/arduino/sketches/56523F91FB8FA3626961FDC660FDCFBE/../../cores/arduino_samd_mkr1000_5e30ad3070fa87fa8c95c243c0625563/core.a(SERCOM.cpp.o)
                0x00000000000024a4                SERCOM::isDataRegisterEmptyUART()
 .text._ZN6SERCOM12readDataUARTEv
                0x00000000000024ae        0x8 /private/var/folders/f6/3cq9dwxx6pn4sdwk651kzpw80000gn/T/arduino/sketches/56523F91FB8FA3626961FDC660FDCFBE/../../cores/arduino_samd_mkr1000_5e30ad3070fa87fa8c95c243c0625563/core.a(SERCOM.cpp.o)
                0x00000000000024ae                SERCOM::readDataUART()
 .text._ZN6SERCOM13writeDataUARTEh
                0x00000000000024b6       0x14 /private/var/folders/f6/3cq9dwxx6pn4sdwk651kzpw80000gn/T/arduino/sketches/56523F91FB8FA3626961FDC660FDCFBE/../../cores/arduino_samd_mkr1000_5e30ad3070fa87fa8c95c243c0625563/core.a(SERCOM.cpp.o)
                0x00000000000024b6                SERCOM::writeDataUART(unsigned char)
 .text._ZN6SERCOM36enableDataRegisterEmptyInterruptUARTEv
                0x00000000000024ca        0x8 /private/var/folders/f6/3cq9dwxx6pn4sdwk651kzpw80000gn/T/arduino/sketches/56523F91FB8FA3626961FDC660FDCFBE/../../cores/arduino_samd_mkr1000_5e30ad3070fa87fa8c95c243c0625563/core.a(SERCOM.cpp.o)
                0x00000000000024ca                SERCOM::enableDataRegisterEmptyInterruptUART()
 .text._ZN6SERCOM37disableDataRegisterEmptyInterruptUARTEv
                0x00000000000024d2        0x8 /private/var/folders/f6/3cq9dwxx6pn4sdwk651kzpw80000gn/T/arduino/sketches/56523F91FB8FA3626961FDC660FDCFBE/../../cores/arduino_samd_mkr1000_5e30ad3070fa87fa8c95c243c0625563/core.a(SERCOM.cpp.o)
                0x00000000000024d2                SERCOM::disableDataRegisterEmptyInterruptUART()
 *fill*         0x00000000000024da        0x2 
 .text._ZN6SERCOM13initClockNVICEv
                0x00000000000024dc       0xa8 /private/var/folders/f6/3cq9dwxx6pn4sdwk651kzpw80000gn/T/arduino/sketches/56523F91FB8FA3626961FDC660FDCFBE/../../cores/arduino_samd_mkr1000_5e30ad3070fa87fa8c95c243c0625563/core.a(SERCOM.cpp.o)
                0x00000000000024dc                SERCOM::initClockNVIC()
 .text._ZN6SERCOM8initUARTE14SercomUartMode20SercomUartSampleRatem
                0x0000000000002584       0x6c /private/var/folders/f6/3cq9dwxx6pn4sdwk651kzpw80000gn/T/arduino/sketches/56523F91FB8FA3626961FDC660FDCFBE/../../cores/arduino_samd_mkr1000_5e30ad3070fa87fa8c95c243c0625563/core.a(SERCOM.cpp.o)
                0x0000000000002584                SERCOM::initUART(SercomUartMode, SercomUartSampleRate, unsigned long)
 .text._ZN7Serial_13getDescriptorERN7arduino8USBSetupE
                0x00000000000025f0        0x4 /private/var/folders/f6/3cq9dwxx6pn4sdwk651kzpw80000gn/T/arduino/sketches/56523F91FB8FA3626961FDC660FDCFBE/../../cores/arduino_samd_mkr1000_5e30ad3070fa87fa8c95c243c0625563/core.a(CDC.cpp.o)
                0x00000000000025f0                Serial_::getDescriptor(arduino::USBSetup&)
 .text._ZL5utox8mPc
                0x00000000000025f4       0x24 /private/var/folders/f6/3cq9dwxx6pn4sdwk651kzpw80000gn/T/arduino/sketches/56523F91FB8FA3626961FDC660FDCFBE/../../cores/arduino_samd_mkr1000_5e30ad3070fa87fa8c95c243c0625563/core.a(CDC.cpp.o)
 .text._ZN7Serial_12getShortNameEPc
                0x0000000000002618       0x44 /private/var/folders/f6/3cq9dwxx6pn4sdwk651kzpw80000gn/T/arduino/sketches/56523F91FB8FA3626961FDC660FDCFBE/../../cores/arduino_samd_mkr1000_5e30ad3070fa87fa8c95c243c0625563/core.a(CDC.cpp.o)
                0x0000000000002618                Serial_::getShortName(char*)
 .text._ZThn16_N7Serial_12getShortNameEPc
                0x000000000000265c       0x10 /private/var/folders/f6/3cq9dwxx6pn4sdwk651kzpw80000gn/T/arduino/sketches/56523F91FB8FA3626961FDC660FDCFBE/../../cores/arduino_samd_mkr1000_5e30ad3070fa87fa8c95c243c0625563/core.a(CDC.cpp.o)
                0x000000000000265c                non-virtual thunk to Serial_::getShortName(char*)
 .text._ZN7Serial_5beginEm
                0x000000000000266c        0x2 /private/var/folders/f6/3cq9dwxx6pn4sdwk651kzpw80000gn/T/arduino/sketches/56523F91FB8FA3626961FDC660FDCFBE/../../cores/arduino_samd_mkr1000_5e30ad3070fa87fa8c95c243c0625563/core.a(CDC.cpp.o)
                0x000000000000266c                Serial_::begin(unsigned long)
 .text._ZN7Serial_5beginEmt
                0x000000000000266e        0x2 /private/var/folders/f6/3cq9dwxx6pn4sdwk651kzpw80000gn/T/arduino/sketches/56523F91FB8FA3626961FDC660FDCFBE/../../cores/arduino_samd_mkr1000_5e30ad3070fa87fa8c95c243c0625563/core.a(CDC.cpp.o)
                0x000000000000266e                Serial_::begin(unsigned long, unsigned short)
 .text._ZN7Serial_17availableForWriteEv
                0x0000000000002670        0x4 /private/var/folders/f6/3cq9dwxx6pn4sdwk651kzpw80000gn/T/arduino/sketches/56523F91FB8FA3626961FDC660FDCFBE/../../cores/arduino_samd_mkr1000_5e30ad3070fa87fa8c95c243c0625563/core.a(CDC.cpp.o)
                0x0000000000002670                Serial_::availableForWrite()
 .text._ZN7Serial_5writeEh
                0x0000000000002674       0x14 /private/var/folders/f6/3cq9dwxx6pn4sdwk651kzpw80000gn/T/arduino/sketches/56523F91FB8FA3626961FDC660FDCFBE/../../cores/arduino_samd_mkr1000_5e30ad3070fa87fa8c95c243c0625563/core.a(CDC.cpp.o)
                0x0000000000002674                Serial_::write(unsigned char)
 .text._ZN7Serial_12getInterfaceEPh
                0x0000000000002688      0x11c /private/var/folders/f6/3cq9dwxx6pn4sdwk651kzpw80000gn/T/arduino/sketches/56523F91FB8FA3626961FDC660FDCFBE/../../cores/arduino_samd_mkr1000_5e30ad3070fa87fa8c95c243c0625563/core.a(CDC.cpp.o)
                0x0000000000002688                Serial_::getInterface(unsigned char*)
 .text._ZThn16_N7Serial_12getInterfaceEPh
                0x00000000000027a4       0x10 /private/var/folders/f6/3cq9dwxx6pn4sdwk651kzpw80000gn/T/arduino/sketches/56523F91FB8FA3626961FDC660FDCFBE/../../cores/arduino_samd_mkr1000_5e30ad3070fa87fa8c95c243c0625563/core.a(CDC.cpp.o)
                0x00000000000027a4                non-virtual thunk to Serial_::getInterface(unsigned char*)
 .text._ZN7Serial_5setupERN7arduino8USBSetupE
                0x00000000000027b4       0x98 /private/var/folders/f6/3cq9dwxx6pn4sdwk651kzpw80000gn/T/arduino/sketches/56523F91FB8FA3626961FDC660FDCFBE/../../cores/arduino_samd_mkr1000_5e30ad3070fa87fa8c95c243c0625563/core.a(CDC.cpp.o)
                0x00000000000027b4                Serial_::setup(arduino::USBSetup&)
 .text._ZThn16_N7Serial_5setupERN7arduino8USBSetupE
                0x000000000000284c       0x10 /private/var/folders/f6/3cq9dwxx6pn4sdwk651kzpw80000gn/T/arduino/sketches/56523F91FB8FA3626961FDC660FDCFBE/../../cores/arduino_samd_mkr1000_5e30ad3070fa87fa8c95c243c0625563/core.a(CDC.cpp.o)
                0x000000000000284c                non-virtual thunk to Serial_::setup(arduino::USBSetup&)
 .text._ZN7Serial_3endEv
                0x000000000000285c       0x14 /private/var/folders/f6/3cq9dwxx6pn4sdwk651kzpw80000gn/T/arduino/sketches/56523F91FB8FA3626961FDC660FDCFBE/../../cores/arduino_samd_mkr1000_5e30ad3070fa87fa8c95c243c0625563/core.a(CDC.cpp.o)
                0x000000000000285c                Serial_::end()
 .text._ZN7Serial_9availableEv
                0x0000000000002870       0x20 /private/var/folders/f6/3cq9dwxx6pn4sdwk651kzpw80000gn/T/arduino/sketches/56523F91FB8FA3626961FDC660FDCFBE/../../cores/arduino_samd_mkr1000_5e30ad3070fa87fa8c95c243c0625563/core.a(CDC.cpp.o)
                0x0000000000002870                Serial_::available()
 .text._ZN7Serial_5flushEv
                0x0000000000002890        0xe /private/var/folders/f6/3cq9dwxx6pn4sdwk651kzpw80000gn/T/arduino/sketches/56523F91FB8FA3626961FDC660FDCFBE/../../cores/arduino_samd_mkr1000_5e30ad3070fa87fa8c95c243c0625563/core.a(CDC.cpp.o)
                0x0000000000002890                Serial_::flush()
 .text._ZN7Serial_5clearEv
                0x000000000000289e        0xe /private/var/folders/f6/3cq9dwxx6pn4sdwk651kzpw80000gn/T/arduino/sketches/56523F91FB8FA3626961FDC660FDCFBE/../../cores/arduino_samd_mkr1000_5e30ad3070fa87fa8c95c243c0625563/core.a(CDC.cpp.o)
                0x000000000000289e                Serial_::clear()
 .text._ZN7Serial_5writeEPKhj
                0x00000000000028ac       0x1e /private/var/folders/f6/3cq9dwxx6pn4sdwk651kzpw80000gn/T/arduino/sketches/56523F91FB8FA3626961FDC660FDCFBE/../../cores/arduino_samd_mkr1000_5e30ad3070fa87fa8c95c243c0625563/core.a(CDC.cpp.o)
                0x00000000000028ac                Serial_::write(unsigned char const*, unsigned int)
 *fill*         0x00000000000028ca        0x2 
 .text._ZN7Serial_4peekEv
                0x00000000000028cc       0x1c /private/var/folders/f6/3cq9dwxx6pn4sdwk651kzpw80000gn/T/arduino/sketches/56523F91FB8FA3626961FDC660FDCFBE/../../cores/arduino_samd_mkr1000_5e30ad3070fa87fa8c95c243c0625563/core.a(CDC.cpp.o)
                0x00000000000028cc                Serial_::peek()
 .text._ZN7Serial_4readEv
                0x00000000000028e8       0x24 /private/var/folders/f6/3cq9dwxx6pn4sdwk651kzpw80000gn/T/arduino/sketches/56523F91FB8FA3626961FDC660FDCFBE/../../cores/arduino_samd_mkr1000_5e30ad3070fa87fa8c95c243c0625563/core.a(CDC.cpp.o)
                0x00000000000028e8                Serial_::read()
 .text._ZN7Serial_cvbEv
                0x000000000000290c       0x28 /private/var/folders/f6/3cq9dwxx6pn4sdwk651kzpw80000gn/T/arduino/sketches/56523F91FB8FA3626961FDC660FDCFBE/../../cores/arduino_samd_mkr1000_5e30ad3070fa87fa8c95c243c0625563/core.a(CDC.cpp.o)
                0x000000000000290c                Serial_::operator bool()
 .text._ZThn16_N7Serial_13getDescriptorERN7arduino8USBSetupE
                0x0000000000002934        0x4 /private/var/folders/f6/3cq9dwxx6pn4sdwk651kzpw80000gn/T/arduino/sketches/56523F91FB8FA3626961FDC660FDCFBE/../../cores/arduino_samd_mkr1000_5e30ad3070fa87fa8c95c243c0625563/core.a(CDC.cpp.o)
                0x0000000000002934                non-virtual thunk to Serial_::getDescriptor(arduino::USBSetup&)
 .text.resetExternalChip
                0x0000000000002938        0x2 /private/var/folders/f6/3cq9dwxx6pn4sdwk651kzpw80000gn/T/arduino/sketches/56523F91FB8FA3626961FDC660FDCFBE/../../cores/arduino_samd_mkr1000_5e30ad3070fa87fa8c95c243c0625563/core.a(CDC.cpp.o)
                0x0000000000002938                resetExternalChip
 .text._ZN7Serial_14handleEndpointEi
                0x000000000000293a        0x2 /private/var/folders/f6/3cq9dwxx6pn4sdwk651kzpw80000gn/T/arduino/sketches/56523F91FB8FA3626961FDC660FDCFBE/../../cores/arduino_samd_mkr1000_5e30ad3070fa87fa8c95c243c0625563/core.a(CDC.cpp.o)
                0x000000000000293a                Serial_::handleEndpoint(int)
 .text._ZN7Serial_C2ER14USBDeviceClass
                0x000000000000293c       0x50 /private/var/folders/f6/3cq9dwxx6pn4sdwk651kzpw80000gn/T/arduino/sketches/56523F91FB8FA3626961FDC660FDCFBE/../../cores/arduino_samd_mkr1000_5e30ad3070fa87fa8c95c243c0625563/core.a(CDC.cpp.o)
                0x000000000000293c                Serial_::Serial_(USBDeviceClass&)
                0x000000000000293c                Serial_::Serial_(USBDeviceClass&)
 .text._ZN7Serial_15enableInterruptEv
                0x000000000000298c       0x30 /private/var/folders/f6/3cq9dwxx6pn4sdwk651kzpw80000gn/T/arduino/sketches/56523F91FB8FA3626961FDC660FDCFBE/../../cores/arduino_samd_mkr1000_5e30ad3070fa87fa8c95c243c0625563/core.a(CDC.cpp.o)
                0x000000000000298c                Serial_::enableInterrupt()
 .text.startup._GLOBAL__sub_I__ZN7Serial_12getInterfaceEPh
                0x00000000000029bc       0x14 /private/var/folders/f6/3cq9dwxx6pn4sdwk651kzpw80000gn/T/arduino/sketches/56523F91FB8FA3626961FDC660FDCFBE/../../cores/arduino_samd_mkr1000_5e30ad3070fa87fa8c95c243c0625563/core.a(CDC.cpp.o)
 .text._ZN26DoubleBufferedEPOutHandlerD2Ev
                0x00000000000029d0        0x2 /private/var/folders/f6/3cq9dwxx6pn4sdwk651kzpw80000gn/T/arduino/sketches/56523F91FB8FA3626961FDC660FDCFBE/../../cores/arduino_samd_mkr1000_5e30ad3070fa87fa8c95c243c0625563/core.a(USBCore.cpp.o)
                0x00000000000029d0                DoubleBufferedEPOutHandler::~DoubleBufferedEPOutHandler()
                0x00000000000029d0                DoubleBufferedEPOutHandler::~DoubleBufferedEPOutHandler()
 .text._ZN26DoubleBufferedEPOutHandlerD0Ev
                0x00000000000029d2        0xc /private/var/folders/f6/3cq9dwxx6pn4sdwk651kzpw80000gn/T/arduino/sketches/56523F91FB8FA3626961FDC660FDCFBE/../../cores/arduino_samd_mkr1000_5e30ad3070fa87fa8c95c243c0625563/core.a(USBCore.cpp.o)
                0x00000000000029d2                DoubleBufferedEPOutHandler::~DoubleBufferedEPOutHandler()
 *fill*         0x00000000000029de        0x2 
 .text._ZN14USBDeviceClass6initEPEmm.part.7
                0x00000000000029e0       0xc4 /private/var/folders/f6/3cq9dwxx6pn4sdwk651kzpw80000gn/T/arduino/sketches/56523F91FB8FA3626961FDC660FDCFBE/../../cores/arduino_samd_mkr1000_5e30ad3070fa87fa8c95c243c0625563/core.a(USBCore.cpp.o)
 .text._ZN7__GuardC2Ev
                0x0000000000002aa4        0xe /private/var/folders/f6/3cq9dwxx6pn4sdwk651kzpw80000gn/T/arduino/sketches/56523F91FB8FA3626961FDC660FDCFBE/../../cores/arduino_samd_mkr1000_5e30ad3070fa87fa8c95c243c0625563/core.a(USBCore.cpp.o)
                0x0000000000002aa4                __Guard::__Guard()
                0x0000000000002aa4                __Guard::__Guard()
 .text._ZN7__GuardD2Ev
                0x0000000000002ab2        0xe /private/var/folders/f6/3cq9dwxx6pn4sdwk651kzpw80000gn/T/arduino/sketches/56523F91FB8FA3626961FDC660FDCFBE/../../cores/arduino_samd_mkr1000_5e30ad3070fa87fa8c95c243c0625563/core.a(USBCore.cpp.o)
                0x0000000000002ab2                __Guard::~__Guard()
                0x0000000000002ab2                __Guard::~__Guard()
 .text._ZNK26DoubleBufferedEPOutHandler10_availableEv
                0x0000000000002ac0       0x70 /private/var/folders/f6/3cq9dwxx6pn4sdwk651kzpw80000gn/T/arduino/sketches/56523F91FB8FA3626961FDC660FDCFBE/../../cores/arduino_samd_mkr1000_5e30ad3070fa87fa8c95c243c0625563/core.a(USBCore.cpp.o)
                0x0000000000002ac0                DoubleBufferedEPOutHandler::_available() const
 .text._ZN26DoubleBufferedEPOutHandler7releaseEv
                0x0000000000002b30       0x38 /private/var/folders/f6/3cq9dwxx6pn4sdwk651kzpw80000gn/T/arduino/sketches/56523F91FB8FA3626961FDC660FDCFBE/../../cores/arduino_samd_mkr1000_5e30ad3070fa87fa8c95c243c0625563/core.a(USBCore.cpp.o)
                0x0000000000002b30                DoubleBufferedEPOutHandler::release()
 .text._ZN26DoubleBufferedEPOutHandler14handleEndpointEv
                0x0000000000002b68       0xe2 /private/var/folders/f6/3cq9dwxx6pn4sdwk651kzpw80000gn/T/arduino/sketches/56523F91FB8FA3626961FDC660FDCFBE/../../cores/arduino_samd_mkr1000_5e30ad3070fa87fa8c95c243c0625563/core.a(USBCore.cpp.o)
                0x0000000000002b68                DoubleBufferedEPOutHandler::handleEndpoint()
 .text._ZN14USBDeviceClass14SendInterfacesEPm
                0x0000000000002c4a       0x20 /private/var/folders/f6/3cq9dwxx6pn4sdwk651kzpw80000gn/T/arduino/sketches/56523F91FB8FA3626961FDC660FDCFBE/../../cores/arduino_samd_mkr1000_5e30ad3070fa87fa8c95c243c0625563/core.a(USBCore.cpp.o)
                0x0000000000002c4a                USBDeviceClass::SendInterfaces(unsigned long*)
 *fill*         0x0000000000002c6a        0x2 
 .text._ZN14USBDeviceClass6attachEv
                0x0000000000002c6c       0x34 /private/var/folders/f6/3cq9dwxx6pn4sdwk651kzpw80000gn/T/arduino/sketches/56523F91FB8FA3626961FDC660FDCFBE/../../cores/arduino_samd_mkr1000_5e30ad3070fa87fa8c95c243c0625563/core.a(USBCore.cpp.o)
                0x0000000000002c6c                USBDeviceClass::attach()
 .text._ZN14USBDeviceClass10setAddressEm
                0x0000000000002ca0       0x48 /private/var/folders/f6/3cq9dwxx6pn4sdwk651kzpw80000gn/T/arduino/sketches/56523F91FB8FA3626961FDC660FDCFBE/../../cores/arduino_samd_mkr1000_5e30ad3070fa87fa8c95c243c0625563/core.a(USBCore.cpp.o)
                0x0000000000002ca0                USBDeviceClass::setAddress(unsigned long)
 .text._ZN14USBDeviceClass25handleClassInterfaceSetupERN7arduino8USBSetupE
                0x0000000000002ce8       0x24 /private/var/folders/f6/3cq9dwxx6pn4sdwk651kzpw80000gn/T/arduino/sketches/56523F91FB8FA3626961FDC660FDCFBE/../../cores/arduino_samd_mkr1000_5e30ad3070fa87fa8c95c243c0625563/core.a(USBCore.cpp.o)
                0x0000000000002ce8                USBDeviceClass::handleClassInterfaceSetup(arduino::USBSetup&)
 .text._ZN14USBDeviceClass6initEPEmm
                0x0000000000002d0c      0x10c /private/var/folders/f6/3cq9dwxx6pn4sdwk651kzpw80000gn/T/arduino/sketches/56523F91FB8FA3626961FDC660FDCFBE/../../cores/arduino_samd_mkr1000_5e30ad3070fa87fa8c95c243c0625563/core.a(USBCore.cpp.o)
                0x0000000000002d0c                USBDeviceClass::initEP(unsigned long, unsigned long)
 .text._ZN14USBDeviceClass13initEndpointsEv
                0x0000000000002e18       0x24 /private/var/folders/f6/3cq9dwxx6pn4sdwk651kzpw80000gn/T/arduino/sketches/56523F91FB8FA3626961FDC660FDCFBE/../../cores/arduino_samd_mkr1000_5e30ad3070fa87fa8c95c243c0625563/core.a(USBCore.cpp.o)
                0x0000000000002e18                USBDeviceClass::initEndpoints()
 .text._ZN14USBDeviceClass5clearEm
                0x0000000000002e3c       0x38 /private/var/folders/f6/3cq9dwxx6pn4sdwk651kzpw80000gn/T/arduino/sketches/56523F91FB8FA3626961FDC660FDCFBE/../../cores/arduino_samd_mkr1000_5e30ad3070fa87fa8c95c243c0625563/core.a(USBCore.cpp.o)
                0x0000000000002e3c                USBDeviceClass::clear(unsigned long)
 .text._ZN14USBDeviceClass9availableEm
                0x0000000000002e74       0x2c /private/var/folders/f6/3cq9dwxx6pn4sdwk651kzpw80000gn/T/arduino/sketches/56523F91FB8FA3626961FDC660FDCFBE/../../cores/arduino_samd_mkr1000_5e30ad3070fa87fa8c95c243c0625563/core.a(USBCore.cpp.o)
                0x0000000000002e74                USBDeviceClass::available(unsigned long)
 .text._ZN14USBDeviceClass5flushEm
                0x0000000000002ea0       0x2c /private/var/folders/f6/3cq9dwxx6pn4sdwk651kzpw80000gn/T/arduino/sketches/56523F91FB8FA3626961FDC660FDCFBE/../../cores/arduino_samd_mkr1000_5e30ad3070fa87fa8c95c243c0625563/core.a(USBCore.cpp.o)
                0x0000000000002ea0                USBDeviceClass::flush(unsigned long)
 .text._ZN14USBDeviceClass4recvEmPvm
                0x0000000000002ecc       0xc0 /private/var/folders/f6/3cq9dwxx6pn4sdwk651kzpw80000gn/T/arduino/sketches/56523F91FB8FA3626961FDC660FDCFBE/../../cores/arduino_samd_mkr1000_5e30ad3070fa87fa8c95c243c0625563/core.a(USBCore.cpp.o)
                0x0000000000002ecc                USBDeviceClass::recv(unsigned long, void*, unsigned long)
 .text._ZN14USBDeviceClass4recvEm
                0x0000000000002f8c       0x1c /private/var/folders/f6/3cq9dwxx6pn4sdwk651kzpw80000gn/T/arduino/sketches/56523F91FB8FA3626961FDC660FDCFBE/../../cores/arduino_samd_mkr1000_5e30ad3070fa87fa8c95c243c0625563/core.a(USBCore.cpp.o)
                0x0000000000002f8c                USBDeviceClass::recv(unsigned long)
 .text._ZN14USBDeviceClass14armRecvCtrlOUTEm
                0x0000000000002fa8       0x5c /private/var/folders/f6/3cq9dwxx6pn4sdwk651kzpw80000gn/T/arduino/sketches/56523F91FB8FA3626961FDC660FDCFBE/../../cores/arduino_samd_mkr1000_5e30ad3070fa87fa8c95c243c0625563/core.a(USBCore.cpp.o)
                0x0000000000002fa8                USBDeviceClass::armRecvCtrlOUT(unsigned long)
 .text._ZN14USBDeviceClass11recvControlEPvm
                0x0000000000003004       0x28 /private/var/folders/f6/3cq9dwxx6pn4sdwk651kzpw80000gn/T/arduino/sketches/56523F91FB8FA3626961FDC660FDCFBE/../../cores/arduino_samd_mkr1000_5e30ad3070fa87fa8c95c243c0625563/core.a(USBCore.cpp.o)
                0x0000000000003004                USBDeviceClass::recvControl(void*, unsigned long)
 .text._ZN14USBDeviceClass4sendEmPKvm
                0x000000000000302c      0x10c /private/var/folders/f6/3cq9dwxx6pn4sdwk651kzpw80000gn/T/arduino/sketches/56523F91FB8FA3626961FDC660FDCFBE/../../cores/arduino_samd_mkr1000_5e30ad3070fa87fa8c95c243c0625563/core.a(USBCore.cpp.o)
                0x000000000000302c                USBDeviceClass::send(unsigned long, void const*, unsigned long)
 .text._ZN14USBDeviceClass7armSendEmPKvm
                0x0000000000003138       0x48 /private/var/folders/f6/3cq9dwxx6pn4sdwk651kzpw80000gn/T/arduino/sketches/56523F91FB8FA3626961FDC660FDCFBE/../../cores/arduino_samd_mkr1000_5e30ad3070fa87fa8c95c243c0625563/core.a(USBCore.cpp.o)
                0x0000000000003138                USBDeviceClass::armSend(unsigned long, void const*, unsigned long)
 .text._ZN14USBDeviceClass11sendControlEPKvm
                0x0000000000003180       0x54 /private/var/folders/f6/3cq9dwxx6pn4sdwk651kzpw80000gn/T/arduino/sketches/56523F91FB8FA3626961FDC660FDCFBE/../../cores/arduino_samd_mkr1000_5e30ad3070fa87fa8c95c243c0625563/core.a(USBCore.cpp.o)
                0x0000000000003180                USBDeviceClass::sendControl(void const*, unsigned long)
 .text._ZN14USBDeviceClass20sendStringDescriptorEPKhm
                0x00000000000031d4       0x64 /private/var/folders/f6/3cq9dwxx6pn4sdwk651kzpw80000gn/T/arduino/sketches/56523F91FB8FA3626961FDC660FDCFBE/../../cores/arduino_samd_mkr1000_5e30ad3070fa87fa8c95c243c0625563/core.a(USBCore.cpp.o)
                0x00000000000031d4                USBDeviceClass::sendStringDescriptor(unsigned char const*, unsigned long)
 .text._ZN14USBDeviceClass17sendConfigurationEm
                0x0000000000003238       0x80 /private/var/folders/f6/3cq9dwxx6pn4sdwk651kzpw80000gn/T/arduino/sketches/56523F91FB8FA3626961FDC660FDCFBE/../../cores/arduino_samd_mkr1000_5e30ad3070fa87fa8c95c243c0625563/core.a(USBCore.cpp.o)
                0x0000000000003238                USBDeviceClass::sendConfiguration(unsigned long)
 .text._ZN14USBDeviceClass14sendDescriptorERN7arduino8USBSetupE
                0x00000000000032b8       0xd8 /private/var/folders/f6/3cq9dwxx6pn4sdwk651kzpw80000gn/T/arduino/sketches/56523F91FB8FA3626961FDC660FDCFBE/../../cores/arduino_samd_mkr1000_5e30ad3070fa87fa8c95c243c0625563/core.a(USBCore.cpp.o)
                0x00000000000032b8                USBDeviceClass::sendDescriptor(arduino::USBSetup&)
 .text._ZN14USBDeviceClass7sendZlpEm
                0x0000000000003390       0x18 /private/var/folders/f6/3cq9dwxx6pn4sdwk651kzpw80000gn/T/arduino/sketches/56523F91FB8FA3626961FDC660FDCFBE/../../cores/arduino_samd_mkr1000_5e30ad3070fa87fa8c95c243c0625563/core.a(USBCore.cpp.o)
                0x0000000000003390                USBDeviceClass::sendZlp(unsigned long)
 .text._ZN14USBDeviceClass19handleStandardSetupERN7arduino8USBSetupE
                0x00000000000033a8       0xf0 /private/var/folders/f6/3cq9dwxx6pn4sdwk651kzpw80000gn/T/arduino/sketches/56523F91FB8FA3626961FDC660FDCFBE/../../cores/arduino_samd_mkr1000_5e30ad3070fa87fa8c95c243c0625563/core.a(USBCore.cpp.o)
                0x00000000000033a8                USBDeviceClass::handleStandardSetup(arduino::USBSetup&)
 .text._ZN14USBDeviceClass10ISRHandlerEv
                0x0000000000003498      0x108 /private/var/folders/f6/3cq9dwxx6pn4sdwk651kzpw80000gn/T/arduino/sketches/56523F91FB8FA3626961FDC660FDCFBE/../../cores/arduino_samd_mkr1000_5e30ad3070fa87fa8c95c243c0625563/core.a(USBCore.cpp.o)
                0x0000000000003498                USBDeviceClass::ISRHandler()
 .text.UDD_Handler
                0x00000000000035a0       0x10 /private/var/folders/f6/3cq9dwxx6pn4sdwk651kzpw80000gn/T/arduino/sketches/56523F91FB8FA3626961FDC660FDCFBE/../../cores/arduino_samd_mkr1000_5e30ad3070fa87fa8c95c243c0625563/core.a(USBCore.cpp.o)
                0x00000000000035a0                UDD_Handler
 .text._ZN7arduino13PluggableUSB_C2Ev
                0x00000000000035b0       0x10 /private/var/folders/f6/3cq9dwxx6pn4sdwk651kzpw80000gn/T/arduino/sketches/56523F91FB8FA3626961FDC660FDCFBE/../../cores/arduino_samd_mkr1000_5e30ad3070fa87fa8c95c243c0625563/core.a(USBCore.cpp.o)
                0x00000000000035b0                arduino::PluggableUSB_::PluggableUSB_()
                0x00000000000035b0                arduino::PluggableUSB_::PluggableUSB_()
 .text._Z8epBufferj
                0x00000000000035c0        0xc /private/var/folders/f6/3cq9dwxx6pn4sdwk651kzpw80000gn/T/arduino/sketches/56523F91FB8FA3626961FDC660FDCFBE/../../cores/arduino_samd_mkr1000_5e30ad3070fa87fa8c95c243c0625563/core.a(USBCore.cpp.o)
                0x00000000000035c0                epBuffer(unsigned int)
 .text._ZN7arduino11RingBufferNILi64EE10store_charEh
                0x00000000000035cc       0x1c /private/var/folders/f6/3cq9dwxx6pn4sdwk651kzpw80000gn/T/arduino/sketches/56523F91FB8FA3626961FDC660FDCFBE/../../cores/arduino_samd_mkr1000_5e30ad3070fa87fa8c95c243c0625563/core.a(USBCore.cpp.o)
                0x00000000000035cc                arduino::RingBufferN<64>::store_char(unsigned char)
 .text._ZN26DoubleBufferedEPOutHandler5_recvEv
                0x00000000000035e8      0x15e /private/var/folders/f6/3cq9dwxx6pn4sdwk651kzpw80000gn/T/arduino/sketches/56523F91FB8FA3626961FDC660FDCFBE/../../cores/arduino_samd_mkr1000_5e30ad3070fa87fa8c95c243c0625563/core.a(USBCore.cpp.o)
                0x00000000000035e8                DoubleBufferedEPOutHandler::_recv()
 .text._ZN26DoubleBufferedEPOutHandler9availableEv
                0x0000000000003746        0xc /private/var/folders/f6/3cq9dwxx6pn4sdwk651kzpw80000gn/T/arduino/sketches/56523F91FB8FA3626961FDC660FDCFBE/../../cores/arduino_samd_mkr1000_5e30ad3070fa87fa8c95c243c0625563/core.a(USBCore.cpp.o)
                0x0000000000003746                DoubleBufferedEPOutHandler::available()
 .text._ZN26DoubleBufferedEPOutHandler4peekEv
                0x0000000000003752       0x1c /private/var/folders/f6/3cq9dwxx6pn4sdwk651kzpw80000gn/T/arduino/sketches/56523F91FB8FA3626961FDC660FDCFBE/../../cores/arduino_samd_mkr1000_5e30ad3070fa87fa8c95c243c0625563/core.a(USBCore.cpp.o)
                0x0000000000003752                DoubleBufferedEPOutHandler::peek()
 .text._ZN26DoubleBufferedEPOutHandler4recvEPvm
                0x000000000000376e       0x60 /private/var/folders/f6/3cq9dwxx6pn4sdwk651kzpw80000gn/T/arduino/sketches/56523F91FB8FA3626961FDC660FDCFBE/../../cores/arduino_samd_mkr1000_5e30ad3070fa87fa8c95c243c0625563/core.a(USBCore.cpp.o)
                0x000000000000376e                DoubleBufferedEPOutHandler::recv(void*, unsigned long)
 *fill*         0x00000000000037ce        0x2 
 .text.startup._GLOBAL__sub_I_usbd
                0x00000000000037d0       0x10 /private/var/folders/f6/3cq9dwxx6pn4sdwk651kzpw80000gn/T/arduino/sketches/56523F91FB8FA3626961FDC660FDCFBE/../../cores/arduino_samd_mkr1000_5e30ad3070fa87fa8c95c243c0625563/core.a(USBCore.cpp.o)
 .text._ZN14USBDeviceClass4initEv
                0x00000000000037e0      0x15c /private/var/folders/f6/3cq9dwxx6pn4sdwk651kzpw80000gn/T/arduino/sketches/56523F91FB8FA3626961FDC660FDCFBE/../../cores/arduino_samd_mkr1000_5e30ad3070fa87fa8c95c243c0625563/core.a(USBCore.cpp.o)
                0x00000000000037e0                USBDeviceClass::init()
 .text._ZN4UartcvbEv
                0x000000000000393c        0x4 /private/var/folders/f6/3cq9dwxx6pn4sdwk651kzpw80000gn/T/arduino/sketches/56523F91FB8FA3626961FDC660FDCFBE/../../cores/arduino_samd_mkr1000_5e30ad3070fa87fa8c95c243c0625563/core.a(Uart.cpp.o)
                0x000000000000393c                Uart::operator bool()
 .text._ZN4Uart5beginEm
                0x0000000000003940       0x10 /private/var/folders/f6/3cq9dwxx6pn4sdwk651kzpw80000gn/T/arduino/sketches/56523F91FB8FA3626961FDC660FDCFBE/../../cores/arduino_samd_mkr1000_5e30ad3070fa87fa8c95c243c0625563/core.a(Uart.cpp.o)
                0x0000000000003940                Uart::begin(unsigned long)
 .text._ZN4Uart9availableEv
                0x0000000000003950        0x6 /private/var/folders/f6/3cq9dwxx6pn4sdwk651kzpw80000gn/T/arduino/sketches/56523F91FB8FA3626961FDC660FDCFBE/../../cores/arduino_samd_mkr1000_5e30ad3070fa87fa8c95c243c0625563/core.a(Uart.cpp.o)
                0x0000000000003950                Uart::available()
 .text._ZN4Uart17availableForWriteEv
                0x0000000000003956       0x10 /private/var/folders/f6/3cq9dwxx6pn4sdwk651kzpw80000gn/T/arduino/sketches/56523F91FB8FA3626961FDC660FDCFBE/../../cores/arduino_samd_mkr1000_5e30ad3070fa87fa8c95c243c0625563/core.a(Uart.cpp.o)
                0x0000000000003956                Uart::availableForWrite()
 .text._ZN4Uart4peekEv
                0x0000000000003966       0x18 /private/var/folders/f6/3cq9dwxx6pn4sdwk651kzpw80000gn/T/arduino/sketches/56523F91FB8FA3626961FDC660FDCFBE/../../cores/arduino_samd_mkr1000_5e30ad3070fa87fa8c95c243c0625563/core.a(Uart.cpp.o)
                0x0000000000003966                Uart::peek()
 .text._ZN4Uart3endEv
                0x000000000000397e       0x24 /private/var/folders/f6/3cq9dwxx6pn4sdwk651kzpw80000gn/T/arduino/sketches/56523F91FB8FA3626961FDC660FDCFBE/../../cores/arduino_samd_mkr1000_5e30ad3070fa87fa8c95c243c0625563/core.a(Uart.cpp.o)
                0x000000000000397e                Uart::end()
 .text._ZN4Uart5flushEv
                0x00000000000039a2       0x16 /private/var/folders/f6/3cq9dwxx6pn4sdwk651kzpw80000gn/T/arduino/sketches/56523F91FB8FA3626961FDC660FDCFBE/../../cores/arduino_samd_mkr1000_5e30ad3070fa87fa8c95c243c0625563/core.a(Uart.cpp.o)
                0x00000000000039a2                Uart::flush()
 .text._ZN4Uart16extractNbStopBitEt
                0x00000000000039b8        0xc /private/var/folders/f6/3cq9dwxx6pn4sdwk651kzpw80000gn/T/arduino/sketches/56523F91FB8FA3626961FDC660FDCFBE/../../cores/arduino_samd_mkr1000_5e30ad3070fa87fa8c95c243c0625563/core.a(Uart.cpp.o)
                0x00000000000039b8                Uart::extractNbStopBit(unsigned short)
 .text._ZN4Uart15extractCharSizeEt
                0x00000000000039c4       0x28 /private/var/folders/f6/3cq9dwxx6pn4sdwk651kzpw80000gn/T/arduino/sketches/56523F91FB8FA3626961FDC660FDCFBE/../../cores/arduino_samd_mkr1000_5e30ad3070fa87fa8c95c243c0625563/core.a(Uart.cpp.o)
                0x00000000000039c4                Uart::extractCharSize(unsigned short)
 .text._ZN4Uart13extractParityEt
                0x00000000000039ec       0x14 /private/var/folders/f6/3cq9dwxx6pn4sdwk651kzpw80000gn/T/arduino/sketches/56523F91FB8FA3626961FDC660FDCFBE/../../cores/arduino_samd_mkr1000_5e30ad3070fa87fa8c95c243c0625563/core.a(Uart.cpp.o)
                0x00000000000039ec                Uart::extractParity(unsigned short)
 .text._ZN4Uart5beginEmt
                0x0000000000003a00       0xf8 /private/var/folders/f6/3cq9dwxx6pn4sdwk651kzpw80000gn/T/arduino/sketches/56523F91FB8FA3626961FDC660FDCFBE/../../cores/arduino_samd_mkr1000_5e30ad3070fa87fa8c95c243c0625563/core.a(Uart.cpp.o)
                0x0000000000003a00                Uart::begin(unsigned long, unsigned short)
 .text._ZN7arduino11RingBufferNILi256EEC2Ev
                0x0000000000003af8       0x1e /private/var/folders/f6/3cq9dwxx6pn4sdwk651kzpw80000gn/T/arduino/sketches/56523F91FB8FA3626961FDC660FDCFBE/../../cores/arduino_samd_mkr1000_5e30ad3070fa87fa8c95c243c0625563/core.a(Uart.cpp.o)
                0x0000000000003af8                arduino::RingBufferN<256>::RingBufferN()
                0x0000000000003af8                arduino::RingBufferN<256>::RingBufferN()
 *fill*         0x0000000000003b16        0x2 
 .text._ZN4UartC2EP6SERCOMhh11SercomRXPad15SercomUartTXPad
                0x0000000000003b18       0x74 /private/var/folders/f6/3cq9dwxx6pn4sdwk651kzpw80000gn/T/arduino/sketches/56523F91FB8FA3626961FDC660FDCFBE/../../cores/arduino_samd_mkr1000_5e30ad3070fa87fa8c95c243c0625563/core.a(Uart.cpp.o)
                0x0000000000003b18                Uart::Uart(SERCOM*, unsigned char, unsigned char, SercomRXPad, SercomUartTXPad)
                0x0000000000003b18                Uart::Uart(SERCOM*, unsigned char, unsigned char, SercomRXPad, SercomUartTXPad)
 .text._ZN7arduino15SafeRingBufferNILi256EE10store_charEh
                0x0000000000003b8c       0x4a /private/var/folders/f6/3cq9dwxx6pn4sdwk651kzpw80000gn/T/arduino/sketches/56523F91FB8FA3626961FDC660FDCFBE/../../cores/arduino_samd_mkr1000_5e30ad3070fa87fa8c95c243c0625563/core.a(Uart.cpp.o)
                0x0000000000003b8c                arduino::SafeRingBufferN<256>::store_char(unsigned char)
 .text._ZN7arduino15SafeRingBufferNILi256EE9read_charEv
                0x0000000000003bd6       0x50 /private/var/folders/f6/3cq9dwxx6pn4sdwk651kzpw80000gn/T/arduino/sketches/56523F91FB8FA3626961FDC660FDCFBE/../../cores/arduino_samd_mkr1000_5e30ad3070fa87fa8c95c243c0625563/core.a(Uart.cpp.o)
                0x0000000000003bd6                arduino::SafeRingBufferN<256>::read_char()
 .text._ZN4Uart10IrqHandlerEv
                0x0000000000003c26       0xa4 /private/var/folders/f6/3cq9dwxx6pn4sdwk651kzpw80000gn/T/arduino/sketches/56523F91FB8FA3626961FDC660FDCFBE/../../cores/arduino_samd_mkr1000_5e30ad3070fa87fa8c95c243c0625563/core.a(Uart.cpp.o)
                0x0000000000003c26                Uart::IrqHandler()
 *fill*         0x0000000000003cca        0x2 
 .text._ZN4Uart5writeEh
                0x0000000000003ccc       0x9c /private/var/folders/f6/3cq9dwxx6pn4sdwk651kzpw80000gn/T/arduino/sketches/56523F91FB8FA3626961FDC660FDCFBE/../../cores/arduino_samd_mkr1000_5e30ad3070fa87fa8c95c243c0625563/core.a(Uart.cpp.o)
                0x0000000000003ccc                Uart::write(unsigned char)
 .text._ZN4Uart4readEv
                0x0000000000003d68       0x34 /private/var/folders/f6/3cq9dwxx6pn4sdwk651kzpw80000gn/T/arduino/sketches/56523F91FB8FA3626961FDC660FDCFBE/../../cores/arduino_samd_mkr1000_5e30ad3070fa87fa8c95c243c0625563/core.a(Uart.cpp.o)
                0x0000000000003d68                Uart::read()
 .text.attachInterrupt
                0x0000000000003d9c      0x130 /private/var/folders/f6/3cq9dwxx6pn4sdwk651kzpw80000gn/T/arduino/sketches/56523F91FB8FA3626961FDC660FDCFBE/../../cores/arduino_samd_mkr1000_5e30ad3070fa87fa8c95c243c0625563/core.a(WInterrupts.c.o)
                0x0000000000003d9c                attachInterrupt
 .text.EIC_Handler
                0x0000000000003ecc       0x3c /private/var/folders/f6/3cq9dwxx6pn4sdwk651kzpw80000gn/T/arduino/sketches/56523F91FB8FA3626961FDC660FDCFBE/../../cores/arduino_samd_mkr1000_5e30ad3070fa87fa8c95c243c0625563/core.a(WInterrupts.c.o)
                0x0000000000003ecc                EIC_Handler
 .text._ZN7arduino13PluggableUSB_12getInterfaceEPh
                0x0000000000003f08       0x28 /private/var/folders/f6/3cq9dwxx6pn4sdwk651kzpw80000gn/T/arduino/sketches/56523F91FB8FA3626961FDC660FDCFBE/../../cores/arduino_samd_mkr1000_5e30ad3070fa87fa8c95c243c0625563/core.a(PluggableUSB.cpp.o)
                0x0000000000003f08                arduino::PluggableUSB_::getInterface(unsigned char*)
 .text._ZN7arduino13PluggableUSB_13getDescriptorERNS_8USBSetupE
                0x0000000000003f30       0x20 /private/var/folders/f6/3cq9dwxx6pn4sdwk651kzpw80000gn/T/arduino/sketches/56523F91FB8FA3626961FDC660FDCFBE/../../cores/arduino_samd_mkr1000_5e30ad3070fa87fa8c95c243c0625563/core.a(PluggableUSB.cpp.o)
                0x0000000000003f30                arduino::PluggableUSB_::getDescriptor(arduino::USBSetup&)
 .text._ZN7arduino13PluggableUSB_12getShortNameEPc
                0x0000000000003f50       0x1e /private/var/folders/f6/3cq9dwxx6pn4sdwk651kzpw80000gn/T/arduino/sketches/56523F91FB8FA3626961FDC660FDCFBE/../../cores/arduino_samd_mkr1000_5e30ad3070fa87fa8c95c243c0625563/core.a(PluggableUSB.cpp.o)
                0x0000000000003f50                arduino::PluggableUSB_::getShortName(char*)
 .text._ZN7arduino13PluggableUSB_5setupERNS_8USBSetupE
                0x0000000000003f6e       0x20 /private/var/folders/f6/3cq9dwxx6pn4sdwk651kzpw80000gn/T/arduino/sketches/56523F91FB8FA3626961FDC660FDCFBE/../../cores/arduino_samd_mkr1000_5e30ad3070fa87fa8c95c243c0625563/core.a(PluggableUSB.cpp.o)
                0x0000000000003f6e                arduino::PluggableUSB_::setup(arduino::USBSetup&)
 .text._ZN7arduino13PluggableUSB_4plugEPNS_18PluggableUSBModuleE
                0x0000000000003f8e       0x5c /private/var/folders/f6/3cq9dwxx6pn4sdwk651kzpw80000gn/T/arduino/sketches/56523F91FB8FA3626961FDC660FDCFBE/../../cores/arduino_samd_mkr1000_5e30ad3070fa87fa8c95c243c0625563/core.a(PluggableUSB.cpp.o)
                0x0000000000003f8e                arduino::PluggableUSB_::plug(arduino::PluggableUSBModule*)
 *fill*         0x0000000000003fea        0x2 
 .text._Z12PluggableUSBv
                0x0000000000003fec       0x24 /private/var/folders/f6/3cq9dwxx6pn4sdwk651kzpw80000gn/T/arduino/sketches/56523F91FB8FA3626961FDC660FDCFBE/../../cores/arduino_samd_mkr1000_5e30ad3070fa87fa8c95c243c0625563/core.a(PluggableUSB.cpp.o)
                0x0000000000003fec                PluggableUSB()
 .text._ZN7arduino5Print5writeEPKhj
                0x0000000000004010       0x28 /private/var/folders/f6/3cq9dwxx6pn4sdwk651kzpw80000gn/T/arduino/sketches/56523F91FB8FA3626961FDC660FDCFBE/../../cores/arduino_samd_mkr1000_5e30ad3070fa87fa8c95c243c0625563/core.a(Print.cpp.o)
                0x0000000000004010                arduino::Print::write(unsigned char const*, unsigned int)
 .text._ZN7arduino5Print5writeEPKc.part.2
                0x0000000000004038       0x1a /private/var/folders/f6/3cq9dwxx6pn4sdwk651kzpw80000gn/T/arduino/sketches/56523F91FB8FA3626961FDC660FDCFBE/../../cores/arduino_samd_mkr1000_5e30ad3070fa87fa8c95c243c0625563/core.a(Print.cpp.o)
 .text._ZN7arduino5Print5writeEPKc
                0x0000000000004052       0x10 /private/var/folders/f6/3cq9dwxx6pn4sdwk651kzpw80000gn/T/arduino/sketches/56523F91FB8FA3626961FDC660FDCFBE/../../cores/arduino_samd_mkr1000_5e30ad3070fa87fa8c95c243c0625563/core.a(Print.cpp.o)
                0x0000000000004052                arduino::Print::write(char const*)
 .text._ZN7arduino5Print5printEPKc
                0x0000000000004062        0x8 /private/var/folders/f6/3cq9dwxx6pn4sdwk651kzpw80000gn/T/arduino/sketches/56523F91FB8FA3626961FDC660FDCFBE/../../cores/arduino_samd_mkr1000_5e30ad3070fa87fa8c95c243c0625563/core.a(Print.cpp.o)
                0x0000000000004062                arduino::Print::print(char const*)
 .text._ZN7arduino5Print5printEc
                0x000000000000406a        0xa /private/var/folders/f6/3cq9dwxx6pn4sdwk651kzpw80000gn/T/arduino/sketches/56523F91FB8FA3626961FDC660FDCFBE/../../cores/arduino_samd_mkr1000_5e30ad3070fa87fa8c95c243c0625563/core.a(Print.cpp.o)
                0x000000000000406a                arduino::Print::print(char)
 .text._ZN7arduino5Print7printlnEv
                0x0000000000004074       0x10 /private/var/folders/f6/3cq9dwxx6pn4sdwk651kzpw80000gn/T/arduino/sketches/56523F91FB8FA3626961FDC660FDCFBE/../../cores/arduino_samd_mkr1000_5e30ad3070fa87fa8c95c243c0625563/core.a(Print.cpp.o)
                0x0000000000004074                arduino::Print::println()
 .text._ZN7arduino5Print7printlnEPKc
                0x0000000000004084       0x14 /private/var/folders/f6/3cq9dwxx6pn4sdwk651kzpw80000gn/T/arduino/sketches/56523F91FB8FA3626961FDC660FDCFBE/../../cores/arduino_samd_mkr1000_5e30ad3070fa87fa8c95c243c0625563/core.a(Print.cpp.o)
                0x0000000000004084                arduino::Print::println(char const*)
 .text._ZN7arduino5Print7printlnEc
                0x0000000000004098       0x14 /private/var/folders/f6/3cq9dwxx6pn4sdwk651kzpw80000gn/T/arduino/sketches/56523F91FB8FA3626961FDC660FDCFBE/../../cores/arduino_samd_mkr1000_5e30ad3070fa87fa8c95c243c0625563/core.a(Print.cpp.o)
                0x0000000000004098                arduino::Print::println(char)
 .text.Dummy_Handler
                0x00000000000040ac        0x2 /private/var/folders/f6/3cq9dwxx6pn4sdwk651kzpw80000gn/T/arduino/sketches/56523F91FB8FA3626961FDC660FDCFBE/../../cores/arduino_samd_mkr1000_5e30ad3070fa87fa8c95c243c0625563/core.a(cortex_handlers.c.o)
                0x00000000000040ac                SYSCTRL_Handler
                0x00000000000040ac                HardFault_Handler
                0x00000000000040ac                AC_Handler
                0x00000000000040ac                PendSV_Handler
                0x00000000000040ac                NMI_Handler
                0x00000000000040ac                TC7_Handler
                0x00000000000040ac                SERCOM1_Handler
                0x00000000000040ac                ADC_Handler
                0x00000000000040ac                TCC1_Handler
                0x00000000000040ac                SERCOM2_Handler
                0x00000000000040ac                TCC0_Handler
                0x00000000000040ac                RTC_Handler
                0x00000000000040ac                TC6_Handler
                0x00000000000040ac                WDT_Handler
                0x00000000000040ac                TC4_Handler
                0x00000000000040ac                TC3_Handler
                0x00000000000040ac                Dummy_Handler
                0x00000000000040ac                PM_Handler
                0x00000000000040ac                SVC_Handler
                0x00000000000040ac                TCC2_Handler
                0x00000000000040ac                EVSYS_Handler
                0x00000000000040ac                SERCOM3_Handler
                0x00000000000040ac                SERCOM4_Handler
                0x00000000000040ac                I2S_Handler
                0x00000000000040ac                NVMCTRL_Handler
                0x00000000000040ac                SERCOM0_Handler
                0x00000000000040ac                DAC_Handler
                0x00000000000040ac                PTC_Handler
                0x00000000000040ac                DMAC_Handler
 *fill*         0x00000000000040ae        0x2 
 .text.USB_Handler
                0x00000000000040b0       0x14 /private/var/folders/f6/3cq9dwxx6pn4sdwk651kzpw80000gn/T/arduino/sketches/56523F91FB8FA3626961FDC660FDCFBE/../../cores/arduino_samd_mkr1000_5e30ad3070fa87fa8c95c243c0625563/core.a(cortex_handlers.c.o)
                0x00000000000040b0                USB_Handler
 .text.Reset_Handler
                0x00000000000040c4       0x54 /private/var/folders/f6/3cq9dwxx6pn4sdwk651kzpw80000gn/T/arduino/sketches/56523F91FB8FA3626961FDC660FDCFBE/../../cores/arduino_samd_mkr1000_5e30ad3070fa87fa8c95c243c0625563/core.a(cortex_handlers.c.o)
                0x00000000000040c4                Reset_Handler
 .text.SysTick_Handler
                0x0000000000004118       0x10 /private/var/folders/f6/3cq9dwxx6pn4sdwk651kzpw80000gn/T/arduino/sketches/56523F91FB8FA3626961FDC660FDCFBE/../../cores/arduino_samd_mkr1000_5e30ad3070fa87fa8c95c243c0625563/core.a(cortex_handlers.c.o)
                0x0000000000004118                SysTick_Handler
 .text.USB_SetHandler
                0x0000000000004128        0xc /private/var/folders/f6/3cq9dwxx6pn4sdwk651kzpw80000gn/T/arduino/sketches/56523F91FB8FA3626961FDC660FDCFBE/../../cores/arduino_samd_mkr1000_5e30ad3070fa87fa8c95c243c0625563/core.a(cortex_handlers.c.o)
                0x0000000000004128                USB_SetHandler
 .text.millis   0x0000000000004134        0xc /private/var/folders/f6/3cq9dwxx6pn4sdwk651kzpw80000gn/T/arduino/sketches/56523F91FB8FA3626961FDC660FDCFBE/../../cores/arduino_samd_mkr1000_5e30ad3070fa87fa8c95c243c0625563/core.a(delay.c.o)
                0x0000000000004134                millis
 .text.micros   0x0000000000004140       0x60 /private/var/folders/f6/3cq9dwxx6pn4sdwk651kzpw80000gn/T/arduino/sketches/56523F91FB8FA3626961FDC660FDCFBE/../../cores/arduino_samd_mkr1000_5e30ad3070fa87fa8c95c243c0625563/core.a(delay.c.o)
                0x0000000000004140                micros
 .text.delay    0x00000000000041a0       0x30 /private/var/folders/f6/3cq9dwxx6pn4sdwk651kzpw80000gn/T/arduino/sketches/56523F91FB8FA3626961FDC660FDCFBE/../../cores/arduino_samd_mkr1000_5e30ad3070fa87fa8c95c243c0625563/core.a(delay.c.o)
                0x00000000000041a0                delay
 .text.SysTick_DefaultHandler
                0x00000000000041d0       0x14 /private/var/folders/f6/3cq9dwxx6pn4sdwk651kzpw80000gn/T/arduino/sketches/56523F91FB8FA3626961FDC660FDCFBE/../../cores/arduino_samd_mkr1000_5e30ad3070fa87fa8c95c243c0625563/core.a(delay.c.o)
                0x00000000000041d0                SysTick_DefaultHandler
 .text.delayMicroseconds
                0x00000000000041e4       0x16 /private/var/folders/f6/3cq9dwxx6pn4sdwk651kzpw80000gn/T/arduino/sketches/56523F91FB8FA3626961FDC660FDCFBE/../../cores/arduino_samd_mkr1000_5e30ad3070fa87fa8c95c243c0625563/core.a(delay.c.o)
                0x00000000000041e4                delayMicroseconds
 .text.__empty  0x00000000000041fa        0x2 /private/var/folders/f6/3cq9dwxx6pn4sdwk651kzpw80000gn/T/arduino/sketches/56523F91FB8FA3626961FDC660FDCFBE/../../cores/arduino_samd_mkr1000_5e30ad3070fa87fa8c95c243c0625563/core.a(hooks.c.o)
                0x00000000000041fa                yield
 .text.__false  0x00000000000041fc        0x4 /private/var/folders/f6/3cq9dwxx6pn4sdwk651kzpw80000gn/T/arduino/sketches/56523F91FB8FA3626961FDC660FDCFBE/../../cores/arduino_samd_mkr1000_5e30ad3070fa87fa8c95c243c0625563/core.a(hooks.c.o)
                0x00000000000041fc                sysTickHook
 .text.initVariant
                0x0000000000004200        0x2 /private/var/folders/f6/3cq9dwxx6pn4sdwk651kzpw80000gn/T/arduino/sketches/56523F91FB8FA3626961FDC660FDCFBE/../../cores/arduino_samd_mkr1000_5e30ad3070fa87fa8c95c243c0625563/core.a(main.cpp.o)
                0x0000000000004200                initVariant
 *fill*         0x0000000000004202        0x2 
 .text.startup.main
                0x0000000000004204       0x40 /private/var/folders/f6/3cq9dwxx6pn4sdwk651kzpw80000gn/T/arduino/sketches/56523F91FB8FA3626961FDC660FDCFBE/../../cores/arduino_samd_mkr1000_5e30ad3070fa87fa8c95c243c0625563/core.a(main.cpp.o)
                0x0000000000004204                main
 .text._Znwj    0x0000000000004244        0x8 /private/var/folders/f6/3cq9dwxx6pn4sdwk651kzpw80000gn/T/arduino/sketches/56523F91FB8FA3626961FDC660FDCFBE/../../cores/arduino_samd_mkr1000_5e30ad3070fa87fa8c95c243c0625563/core.a(new.cpp.o)
                0x0000000000004244                operator new(unsigned int)
 .text._ZdlPv   0x000000000000424c        0x8 /private/var/folders/f6/3cq9dwxx6pn4sdwk651kzpw80000gn/T/arduino/sketches/56523F91FB8FA3626961FDC660FDCFBE/../../cores/arduino_samd_mkr1000_5e30ad3070fa87fa8c95c243c0625563/core.a(new.cpp.o)
                0x000000000000424c                operator delete(void*)
 .text.SystemInit
                0x0000000000004254      0x160 /private/var/folders/f6/3cq9dwxx6pn4sdwk651kzpw80000gn/T/arduino/sketches/56523F91FB8FA3626961FDC660FDCFBE/../../cores/arduino_samd_mkr1000_5e30ad3070fa87fa8c95c243c0625563/core.a(startup.c.o)
                0x0000000000004254                SystemInit
 .text.init     0x00000000000043b4       0xf0 /private/var/folders/f6/3cq9dwxx6pn4sdwk651kzpw80000gn/T/arduino/sketches/56523F91FB8FA3626961FDC660FDCFBE/../../cores/arduino_samd_mkr1000_5e30ad3070fa87fa8c95c243c0625563/core.a(wiring.c.o)
                0x00000000000043b4                init
 .text.analogReference
                0x00000000000044a4       0x64 /private/var/folders/f6/3cq9dwxx6pn4sdwk651kzpw80000gn/T/arduino/sketches/56523F91FB8FA3626961FDC660FDCFBE/../../cores/arduino_samd_mkr1000_5e30ad3070fa87fa8c95c243c0625563/core.a(wiring_analog.c.o)
                0x00000000000044a4                analogReference
 .text.pinMode  0x0000000000004508       0x98 /private/var/folders/f6/3cq9dwxx6pn4sdwk651kzpw80000gn/T/arduino/sketches/56523F91FB8FA3626961FDC660FDCFBE/../../cores/arduino_samd_mkr1000_5e30ad3070fa87fa8c95c243c0625563/core.a(wiring_digital.c.o)
                0x0000000000004508                pinMode
 .text.digitalWrite
                0x00000000000045a0       0x58 /private/var/folders/f6/3cq9dwxx6pn4sdwk651kzpw80000gn/T/arduino/sketches/56523F91FB8FA3626961FDC660FDCFBE/../../cores/arduino_samd_mkr1000_5e30ad3070fa87fa8c95c243c0625563/core.a(wiring_digital.c.o)
                0x00000000000045a0                digitalWrite
 .text.digitalRead
                0x00000000000045f8       0x30 /private/var/folders/f6/3cq9dwxx6pn4sdwk651kzpw80000gn/T/arduino/sketches/56523F91FB8FA3626961FDC660FDCFBE/../../cores/arduino_samd_mkr1000_5e30ad3070fa87fa8c95c243c0625563/core.a(wiring_digital.c.o)
                0x00000000000045f8                digitalRead
 .text.pinPeripheral
                0x0000000000004628       0xc0 /private/var/folders/f6/3cq9dwxx6pn4sdwk651kzpw80000gn/T/arduino/sketches/56523F91FB8FA3626961FDC660FDCFBE/../../cores/arduino_samd_mkr1000_5e30ad3070fa87fa8c95c243c0625563/core.a(wiring_private.c.o)
                0x0000000000004628                pinPeripheral
 .text.initiateReset
                0x00000000000046e8       0x14 /private/var/folders/f6/3cq9dwxx6pn4sdwk651kzpw80000gn/T/arduino/sketches/56523F91FB8FA3626961FDC660FDCFBE/../../cores/arduino_samd_mkr1000_5e30ad3070fa87fa8c95c243c0625563/core.a(Reset.cpp.o)
                0x00000000000046e8                initiateReset
 .text.cancelReset
                0x00000000000046fc       0x10 /private/var/folders/f6/3cq9dwxx6pn4sdwk651kzpw80000gn/T/arduino/sketches/56523F91FB8FA3626961FDC660FDCFBE/../../cores/arduino_samd_mkr1000_5e30ad3070fa87fa8c95c243c0625563/core.a(Reset.cpp.o)
                0x00000000000046fc                cancelReset
 .text.tickReset
                0x000000000000470c       0x78 /private/var/folders/f6/3cq9dwxx6pn4sdwk651kzpw80000gn/T/arduino/sketches/56523F91FB8FA3626961FDC660FDCFBE/../../cores/arduino_samd_mkr1000_5e30ad3070fa87fa8c95c243c0625563/core.a(Reset.cpp.o)
                0x000000000000470c                tickReset
 .text          0x0000000000004784       0x14 /Users/farranmar/Library/Arduino15/packages/arduino/tools/arm-none-eabi-gcc/7-2017q4/bin/../lib/gcc/arm-none-eabi/7.2.1/thumb/v6-m/libgcc.a(_thumb1_case_uqi.o)
                0x0000000000004784                __gnu_thumb1_case_uqi
 .text          0x0000000000004798      0x114 /Users/farranmar/Library/Arduino15/packages/arduino/tools/arm-none-eabi-gcc/7-2017q4/bin/../lib/gcc/arm-none-eabi/7.2.1/thumb/v6-m/libgcc.a(_udivsi3.o)
                0x0000000000004798                __udivsi3
                0x0000000000004798                __aeabi_uidiv
                0x00000000000048a4                __aeabi_uidivmod
 .text          0x00000000000048ac      0x1d4 /Users/farranmar/Library/Arduino15/packages/arduino/tools/arm-none-eabi-gcc/7-2017q4/bin/../lib/gcc/arm-none-eabi/7.2.1/thumb/v6-m/libgcc.a(_divsi3.o)
                0x00000000000048ac                __aeabi_idiv
                0x00000000000048ac                __divsi3
                0x0000000000004a78                __aeabi_idivmod
 .text          0x0000000000004a80        0x4 /Users/farranmar/Library/Arduino15/packages/arduino/tools/arm-none-eabi-gcc/7-2017q4/bin/../lib/gcc/arm-none-eabi/7.2.1/thumb/v6-m/libgcc.a(_dvmd_tls.o)
                0x0000000000004a80                __aeabi_ldiv0
                0x0000000000004a80                __aeabi_idiv0
 .text.__libc_init_array
                0x0000000000004a84       0x48 /Users/farranmar/Library/Arduino15/packages/arduino/tools/arm-none-eabi-gcc/7-2017q4/bin/../lib/gcc/arm-none-eabi/7.2.1/../../../../arm-none-eabi/lib/thumb/v6-m/libc_nano.a(lib_a-init.o)
                0x0000000000004a84                __libc_init_array
 .text.malloc   0x0000000000004acc       0x14 /Users/farranmar/Library/Arduino15/packages/arduino/tools/arm-none-eabi-gcc/7-2017q4/bin/../lib/gcc/arm-none-eabi/7.2.1/../../../../arm-none-eabi/lib/thumb/v6-m/libc_nano.a(lib_a-malloc.o)
                0x0000000000004acc                malloc
 .text.free     0x0000000000004ae0       0x14 /Users/farranmar/Library/Arduino15/packages/arduino/tools/arm-none-eabi-gcc/7-2017q4/bin/../lib/gcc/arm-none-eabi/7.2.1/../../../../arm-none-eabi/lib/thumb/v6-m/libc_nano.a(lib_a-malloc.o)
                0x0000000000004ae0                free
 .text.memcpy   0x0000000000004af4       0x12 /Users/farranmar/Library/Arduino15/packages/arduino/tools/arm-none-eabi-gcc/7-2017q4/bin/../lib/gcc/arm-none-eabi/7.2.1/../../../../arm-none-eabi/lib/thumb/v6-m/libc_nano.a(lib_a-memcpy-stub.o)
                0x0000000000004af4                memcpy
 .text.memset   0x0000000000004b06       0x10 /Users/farranmar/Library/Arduino15/packages/arduino/tools/arm-none-eabi-gcc/7-2017q4/bin/../lib/gcc/arm-none-eabi/7.2.1/../../../../arm-none-eabi/lib/thumb/v6-m/libc_nano.a(lib_a-memset.o)
                0x0000000000004b06                memset
 *fill*         0x0000000000004b16        0x2 
 .text._free_r  0x0000000000004b18       0x94 /Users/farranmar/Library/Arduino15/packages/arduino/tools/arm-none-eabi-gcc/7-2017q4/bin/../lib/gcc/arm-none-eabi/7.2.1/../../../../arm-none-eabi/lib/thumb/v6-m/libc_nano.a(lib_a-nano-freer.o)
                0x0000000000004b18                _free_r
 .text._malloc_r
                0x0000000000004bac       0xbc /Users/farranmar/Library/Arduino15/packages/arduino/tools/arm-none-eabi-gcc/7-2017q4/bin/../lib/gcc/arm-none-eabi/7.2.1/../../../../arm-none-eabi/lib/thumb/v6-m/libc_nano.a(lib_a-nano-mallocr.o)
                0x0000000000004bac                _malloc_r
 .text._sbrk_r  0x0000000000004c68       0x24 /Users/farranmar/Library/Arduino15/packages/arduino/tools/arm-none-eabi-gcc/7-2017q4/bin/../lib/gcc/arm-none-eabi/7.2.1/../../../../arm-none-eabi/lib/thumb/v6-m/libc_nano.a(lib_a-sbrkr.o)
                0x0000000000004c68                _sbrk_r
 .text          0x0000000000004c8c        0xe /Users/farranmar/Library/Arduino15/packages/arduino/tools/arm-none-eabi-gcc/7-2017q4/bin/../lib/gcc/arm-none-eabi/7.2.1/../../../../arm-none-eabi/lib/thumb/v6-m/libc_nano.a(lib_a-strlen.o)
                0x0000000000004c8c                strlen
 .text.__malloc_lock
                0x0000000000004c9a        0x2 /Users/farranmar/Library/Arduino15/packages/arduino/tools/arm-none-eabi-gcc/7-2017q4/bin/../lib/gcc/arm-none-eabi/7.2.1/../../../../arm-none-eabi/lib/thumb/v6-m/libc_nano.a(lib_a-mlock.o)
                0x0000000000004c9a                __malloc_lock
 .text.__malloc_unlock
                0x0000000000004c9c        0x2 /Users/farranmar/Library/Arduino15/packages/arduino/tools/arm-none-eabi-gcc/7-2017q4/bin/../lib/gcc/arm-none-eabi/7.2.1/../../../../arm-none-eabi/lib/thumb/v6-m/libc_nano.a(lib_a-mlock.o)
                0x0000000000004c9c                __malloc_unlock
 *fill*         0x0000000000004c9e        0x2 
 .text._sbrk    0x0000000000004ca0       0x1c /Users/farranmar/Library/Arduino15/packages/arduino/tools/arm-none-eabi-gcc/7-2017q4/bin/../lib/gcc/arm-none-eabi/7.2.1/../../../../arm-none-eabi/lib/thumb/v6-m/libnosys.a(sbrk.o)
                0x0000000000004ca0                _sbrk
 *(.init)
 .init          0x0000000000004cbc        0x4 /Users/farranmar/Library/Arduino15/packages/arduino/tools/arm-none-eabi-gcc/7-2017q4/bin/../lib/gcc/arm-none-eabi/7.2.1/thumb/v6-m/crti.o
                0x0000000000004cbc                _init
 .init          0x0000000000004cc0        0x8 /Users/farranmar/Library/Arduino15/packages/arduino/tools/arm-none-eabi-gcc/7-2017q4/bin/../lib/gcc/arm-none-eabi/7.2.1/thumb/v6-m/crtn.o
 *(.fini)
 .fini          0x0000000000004cc8        0x4 /Users/farranmar/Library/Arduino15/packages/arduino/tools/arm-none-eabi-gcc/7-2017q4/bin/../lib/gcc/arm-none-eabi/7.2.1/thumb/v6-m/crti.o
                0x0000000000004cc8                _fini
 .fini          0x0000000000004ccc        0x8 /Users/farranmar/Library/Arduino15/packages/arduino/tools/arm-none-eabi-gcc/7-2017q4/bin/../lib/gcc/arm-none-eabi/7.2.1/thumb/v6-m/crtn.o
 *crtbegin.o(.ctors)
 *crtbegin?.o(.ctors)
 *(EXCLUDE_FILE(*crtend.o *crtend?.o) .ctors)
 *(SORT_BY_NAME(.ctors.*))
 *(.ctors)
 *crtbegin.o(.dtors)
 *crtbegin?.o(.dtors)
 *(EXCLUDE_FILE(*crtend.o *crtend?.o) .dtors)
 *(SORT_BY_NAME(.dtors.*))
 *(.dtors)
 *(.rodata*)
 .rodata._Z11uartReceivev.str1.1
                0x0000000000004cd4       0x14 /private/var/folders/f6/3cq9dwxx6pn4sdwk651kzpw80000gn/T/arduino/sketches/56523F91FB8FA3626961FDC660FDCFBE/sketch/lie_detector.ino.cpp.o
 .rodata._Z11writeToRBufc.str1.1
                0x0000000000004ce8        0xa /private/var/folders/f6/3cq9dwxx6pn4sdwk651kzpw80000gn/T/arduino/sketches/56523F91FB8FA3626961FDC660FDCFBE/sketch/lie_detector.ino.cpp.o
 .rodata.loop.str1.1
                0x0000000000004cf2       0x21 /private/var/folders/f6/3cq9dwxx6pn4sdwk651kzpw80000gn/T/arduino/sketches/56523F91FB8FA3626961FDC660FDCFBE/sketch/lie_detector.ino.cpp.o
 *fill*         0x0000000000004d13        0x1 
 .rodata.g_APinDescription
                0x0000000000004d14      0x360 /private/var/folders/f6/3cq9dwxx6pn4sdwk651kzpw80000gn/T/arduino/sketches/56523F91FB8FA3626961FDC660FDCFBE/core/variant.cpp.o
                0x0000000000004d14                g_APinDescription
 .rodata._ZTV7Serial_
                0x0000000000005074       0x60 /private/var/folders/f6/3cq9dwxx6pn4sdwk651kzpw80000gn/T/arduino/sketches/56523F91FB8FA3626961FDC660FDCFBE/../../cores/arduino_samd_mkr1000_5e30ad3070fa87fa8c95c243c0625563/core.a(CDC.cpp.o)
                0x0000000000005074                vtable for Serial_
 .rodata._ZTV26DoubleBufferedEPOutHandler
                0x00000000000050d4       0x24 /private/var/folders/f6/3cq9dwxx6pn4sdwk651kzpw80000gn/T/arduino/sketches/56523F91FB8FA3626961FDC660FDCFBE/../../cores/arduino_samd_mkr1000_5e30ad3070fa87fa8c95c243c0625563/core.a(USBCore.cpp.o)
                0x00000000000050d4                vtable for DoubleBufferedEPOutHandler
 .rodata._ZL14STRING_PRODUCT
                0x00000000000050f8       0x10 /private/var/folders/f6/3cq9dwxx6pn4sdwk651kzpw80000gn/T/arduino/sketches/56523F91FB8FA3626961FDC660FDCFBE/../../cores/arduino_samd_mkr1000_5e30ad3070fa87fa8c95c243c0625563/core.a(USBCore.cpp.o)
 .rodata._ZL15STRING_LANGUAGE
                0x0000000000005108        0x4 /private/var/folders/f6/3cq9dwxx6pn4sdwk651kzpw80000gn/T/arduino/sketches/56523F91FB8FA3626961FDC660FDCFBE/../../cores/arduino_samd_mkr1000_5e30ad3070fa87fa8c95c243c0625563/core.a(USBCore.cpp.o)
 .rodata._ZL19STRING_MANUFACTURER
                0x000000000000510c        0xc /private/var/folders/f6/3cq9dwxx6pn4sdwk651kzpw80000gn/T/arduino/sketches/56523F91FB8FA3626961FDC660FDCFBE/../../cores/arduino_samd_mkr1000_5e30ad3070fa87fa8c95c243c0625563/core.a(USBCore.cpp.o)
 .rodata._ZL21USB_DeviceDescriptorB
                0x0000000000005118       0x12 /private/var/folders/f6/3cq9dwxx6pn4sdwk651kzpw80000gn/T/arduino/sketches/56523F91FB8FA3626961FDC660FDCFBE/../../cores/arduino_samd_mkr1000_5e30ad3070fa87fa8c95c243c0625563/core.a(USBCore.cpp.o)
 *fill*         0x000000000000512a        0x2 
 .rodata._ZTV4Uart
                0x000000000000512c       0x34 /private/var/folders/f6/3cq9dwxx6pn4sdwk651kzpw80000gn/T/arduino/sketches/56523F91FB8FA3626961FDC660FDCFBE/../../cores/arduino_samd_mkr1000_5e30ad3070fa87fa8c95c243c0625563/core.a(Uart.cpp.o)
                0x000000000000512c                vtable for Uart
 .rodata._ZN7arduino5Print7printlnEv.str1.1
                0x0000000000005160        0x3 /private/var/folders/f6/3cq9dwxx6pn4sdwk651kzpw80000gn/T/arduino/sketches/56523F91FB8FA3626961FDC660FDCFBE/../../cores/arduino_samd_mkr1000_5e30ad3070fa87fa8c95c243c0625563/core.a(Print.cpp.o)
 *(.eh_frame*)
 *fill*         0x0000000000005163        0x1 
 .eh_frame      0x0000000000005164        0x0 /Users/farranmar/Library/Arduino15/packages/arduino/tools/arm-none-eabi-gcc/7-2017q4/bin/../lib/gcc/arm-none-eabi/7.2.1/thumb/v6-m/crtbegin.o
 .eh_frame      0x0000000000005164        0x4 /Users/farranmar/Library/Arduino15/packages/arduino/tools/arm-none-eabi-gcc/7-2017q4/bin/../lib/gcc/arm-none-eabi/7.2.1/thumb/v6-m/crtend.o

.glue_7         0x0000000000005168        0x0
 .glue_7        0x0000000000005168        0x0 linker stubs

.glue_7t        0x0000000000005168        0x0
 .glue_7t       0x0000000000005168        0x0 linker stubs

.vfp11_veneer   0x0000000000005168        0x0
 .vfp11_veneer  0x0000000000005168        0x0 linker stubs

.v4_bx          0x0000000000005168        0x0
 .v4_bx         0x0000000000005168        0x0 linker stubs

.iplt           0x0000000000005168        0x0
 .iplt          0x0000000000005168        0x0 /Users/farranmar/Library/Arduino15/packages/arduino/tools/arm-none-eabi-gcc/7-2017q4/bin/../lib/gcc/arm-none-eabi/7.2.1/thumb/v6-m/crtbegin.o

.rel.dyn        0x0000000000005168        0x0
 .rel.iplt      0x0000000000005168        0x0 /Users/farranmar/Library/Arduino15/packages/arduino/tools/arm-none-eabi-gcc/7-2017q4/bin/../lib/gcc/arm-none-eabi/7.2.1/thumb/v6-m/crtbegin.o

.ARM.extab
 *(.ARM.extab* .gnu.linkonce.armextab.*)
                0x0000000000005168                __exidx_start = .

.ARM.exidx
 *(.ARM.exidx* .gnu.linkonce.armexidx.*)
                0x0000000000005168                __exidx_end = .
                0x0000000000005168                __etext = .

.data           0x0000000020000000       0x90 load address 0x0000000000005168
                0x0000000020000000                __data_start__ = .
 *(vtable)
 *(.data*)
 .data._ZL10breakValue
                0x0000000020000000        0x4 /private/var/folders/f6/3cq9dwxx6pn4sdwk651kzpw80000gn/T/arduino/sketches/56523F91FB8FA3626961FDC660FDCFBE/../../cores/arduino_samd_mkr1000_5e30ad3070fa87fa8c95c243c0625563/core.a(CDC.cpp.o)
 .data._ZL12_usbLineInfo
                0x0000000020000004        0x8 /private/var/folders/f6/3cq9dwxx6pn4sdwk651kzpw80000gn/T/arduino/sketches/56523F91FB8FA3626961FDC660FDCFBE/../../cores/arduino_samd_mkr1000_5e30ad3070fa87fa8c95c243c0625563/core.a(CDC.cpp.o)
 .data._serialPeek
                0x000000002000000c        0x4 /private/var/folders/f6/3cq9dwxx6pn4sdwk651kzpw80000gn/T/arduino/sketches/56523F91FB8FA3626961FDC660FDCFBE/../../cores/arduino_samd_mkr1000_5e30ad3070fa87fa8c95c243c0625563/core.a(CDC.cpp.o)
                0x000000002000000c                _serialPeek
 .data.SystemCoreClock
                0x0000000020000010        0x4 /private/var/folders/f6/3cq9dwxx6pn4sdwk651kzpw80000gn/T/arduino/sketches/56523F91FB8FA3626961FDC660FDCFBE/../../cores/arduino_samd_mkr1000_5e30ad3070fa87fa8c95c243c0625563/core.a(wiring.c.o)
                0x0000000020000010                SystemCoreClock
 .data._ZL5ticks
                0x0000000020000014        0x4 /private/var/folders/f6/3cq9dwxx6pn4sdwk651kzpw80000gn/T/arduino/sketches/56523F91FB8FA3626961FDC660FDCFBE/../../cores/arduino_samd_mkr1000_5e30ad3070fa87fa8c95c243c0625563/core.a(Reset.cpp.o)
 .data._impure_ptr
                0x0000000020000018        0x4 /Users/farranmar/Library/Arduino15/packages/arduino/tools/arm-none-eabi-gcc/7-2017q4/bin/../lib/gcc/arm-none-eabi/7.2.1/../../../../arm-none-eabi/lib/thumb/v6-m/libc_nano.a(lib_a-impure.o)
                0x0000000020000018                _impure_ptr
 .data.impure_data
                0x000000002000001c       0x60 /Users/farranmar/Library/Arduino15/packages/arduino/tools/arm-none-eabi-gcc/7-2017q4/bin/../lib/gcc/arm-none-eabi/7.2.1/../../../../arm-none-eabi/lib/thumb/v6-m/libc_nano.a(lib_a-impure.o)
                0x000000002000007c                . = ALIGN (0x4)
                0x000000002000007c                PROVIDE (__preinit_array_start, .)
 *(.preinit_array)
                0x000000002000007c                PROVIDE (__preinit_array_end, .)
                0x000000002000007c                . = ALIGN (0x4)
                0x000000002000007c                PROVIDE (__init_array_start, .)
 *(SORT_BY_NAME(.init_array.*))
 *(.init_array)
 .init_array    0x000000002000007c        0x4 /Users/farranmar/Library/Arduino15/packages/arduino/tools/arm-none-eabi-gcc/7-2017q4/bin/../lib/gcc/arm-none-eabi/7.2.1/thumb/v6-m/crtbegin.o
 .init_array    0x0000000020000080        0x4 /private/var/folders/f6/3cq9dwxx6pn4sdwk651kzpw80000gn/T/arduino/sketches/56523F91FB8FA3626961FDC660FDCFBE/core/variant.cpp.o
 .init_array    0x0000000020000084        0x4 /private/var/folders/f6/3cq9dwxx6pn4sdwk651kzpw80000gn/T/arduino/sketches/56523F91FB8FA3626961FDC660FDCFBE/../../cores/arduino_samd_mkr1000_5e30ad3070fa87fa8c95c243c0625563/core.a(CDC.cpp.o)
 .init_array    0x0000000020000088        0x4 /private/var/folders/f6/3cq9dwxx6pn4sdwk651kzpw80000gn/T/arduino/sketches/56523F91FB8FA3626961FDC660FDCFBE/../../cores/arduino_samd_mkr1000_5e30ad3070fa87fa8c95c243c0625563/core.a(USBCore.cpp.o)
                0x000000002000008c                PROVIDE (__init_array_end, .)
                0x000000002000008c                . = ALIGN (0x4)
                [!provide]                        PROVIDE (__fini_array_start, .)
 *(SORT_BY_NAME(.fini_array.*))
 *(.fini_array)
 .fini_array    0x000000002000008c        0x4 /Users/farranmar/Library/Arduino15/packages/arduino/tools/arm-none-eabi-gcc/7-2017q4/bin/../lib/gcc/arm-none-eabi/7.2.1/thumb/v6-m/crtbegin.o
                [!provide]                        PROVIDE (__fini_array_end, .)
 *(.jcr*)
                0x0000000020000090                . = ALIGN (0x10)
                0x0000000020000090                __data_end__ = .

.igot.plt       0x0000000020000090        0x0 load address 0x00000000000051f8
 .igot.plt      0x0000000020000090        0x0 /Users/farranmar/Library/Arduino15/packages/arduino/tools/arm-none-eabi-gcc/7-2017q4/bin/../lib/gcc/arm-none-eabi/7.2.1/thumb/v6-m/crtbegin.o

.bss            0x0000000020000090      0x9b8 load address 0x00000000000051f8
                0x0000000020000090                . = ALIGN (0x4)
                0x0000000020000090                __bss_start__ = .
 *(.bss*)
 .bss           0x0000000020000090       0x1c /Users/farranmar/Library/Arduino15/packages/arduino/tools/arm-none-eabi-gcc/7-2017q4/bin/../lib/gcc/arm-none-eabi/7.2.1/thumb/v6-m/crtbegin.o
 .bss.rBuf      0x00000000200000ac       0x50 /private/var/folders/f6/3cq9dwxx6pn4sdwk651kzpw80000gn/T/arduino/sketches/56523F91FB8FA3626961FDC660FDCFBE/sketch/lie_detector.ino.cpp.o
                0x00000000200000ac                rBuf
 .bss.rBufEnd   0x00000000200000fc        0x4 /private/var/folders/f6/3cq9dwxx6pn4sdwk651kzpw80000gn/T/arduino/sketches/56523F91FB8FA3626961FDC660FDCFBE/sketch/lie_detector.ino.cpp.o
                0x00000000200000fc                rBufEnd
 .bss.rBufStart
                0x0000000020000100        0x4 /private/var/folders/f6/3cq9dwxx6pn4sdwk651kzpw80000gn/T/arduino/sketches/56523F91FB8FA3626961FDC660FDCFBE/sketch/lie_detector.ino.cpp.o
                0x0000000020000100                rBufStart
 .bss.Serial1   0x0000000020000104      0x244 /private/var/folders/f6/3cq9dwxx6pn4sdwk651kzpw80000gn/T/arduino/sketches/56523F91FB8FA3626961FDC660FDCFBE/core/variant.cpp.o
                0x0000000020000104                Serial1
 .bss.sercom0   0x0000000020000348        0x8 /private/var/folders/f6/3cq9dwxx6pn4sdwk651kzpw80000gn/T/arduino/sketches/56523F91FB8FA3626961FDC660FDCFBE/core/variant.cpp.o
                0x0000000020000348                sercom0
 .bss.sercom1   0x0000000020000350        0x8 /private/var/folders/f6/3cq9dwxx6pn4sdwk651kzpw80000gn/T/arduino/sketches/56523F91FB8FA3626961FDC660FDCFBE/core/variant.cpp.o
                0x0000000020000350                sercom1
 .bss.sercom2   0x0000000020000358        0x8 /private/var/folders/f6/3cq9dwxx6pn4sdwk651kzpw80000gn/T/arduino/sketches/56523F91FB8FA3626961FDC660FDCFBE/core/variant.cpp.o
                0x0000000020000358                sercom2
 .bss.sercom3   0x0000000020000360        0x8 /private/var/folders/f6/3cq9dwxx6pn4sdwk651kzpw80000gn/T/arduino/sketches/56523F91FB8FA3626961FDC660FDCFBE/core/variant.cpp.o
                0x0000000020000360                sercom3
 .bss.sercom4   0x0000000020000368        0x8 /private/var/folders/f6/3cq9dwxx6pn4sdwk651kzpw80000gn/T/arduino/sketches/56523F91FB8FA3626961FDC660FDCFBE/core/variant.cpp.o
                0x0000000020000368                sercom4
 .bss.sercom5   0x0000000020000370        0x8 /private/var/folders/f6/3cq9dwxx6pn4sdwk651kzpw80000gn/T/arduino/sketches/56523F91FB8FA3626961FDC660FDCFBE/core/variant.cpp.o
                0x0000000020000370                sercom5
 .bss.SerialUSB
                0x0000000020000378       0x34 /private/var/folders/f6/3cq9dwxx6pn4sdwk651kzpw80000gn/T/arduino/sketches/56523F91FB8FA3626961FDC660FDCFBE/../../cores/arduino_samd_mkr1000_5e30ad3070fa87fa8c95c243c0625563/core.a(CDC.cpp.o)
                0x0000000020000378                SerialUSB
 .bss.EndPoints
                0x00000000200003ac       0x28 /private/var/folders/f6/3cq9dwxx6pn4sdwk651kzpw80000gn/T/arduino/sketches/56523F91FB8FA3626961FDC660FDCFBE/../../cores/arduino_samd_mkr1000_5e30ad3070fa87fa8c95c243c0625563/core.a(USBCore.cpp.o)
                0x00000000200003ac                EndPoints
 .bss.USBDevice
                0x00000000200003d4        0x1 /private/var/folders/f6/3cq9dwxx6pn4sdwk651kzpw80000gn/T/arduino/sketches/56523F91FB8FA3626961FDC660FDCFBE/../../cores/arduino_samd_mkr1000_5e30ad3070fa87fa8c95c243c0625563/core.a(USBCore.cpp.o)
                0x00000000200003d4                USBDevice
 *fill*         0x00000000200003d5        0x3 
 .bss._ZL10epHandlers
                0x00000000200003d8       0x1c /private/var/folders/f6/3cq9dwxx6pn4sdwk651kzpw80000gn/T/arduino/sketches/56523F91FB8FA3626961FDC660FDCFBE/../../cores/arduino_samd_mkr1000_5e30ad3070fa87fa8c95c243c0625563/core.a(USBCore.cpp.o)
 .bss._ZL14isEndpointHalt
                0x00000000200003f4        0x1 /private/var/folders/f6/3cq9dwxx6pn4sdwk651kzpw80000gn/T/arduino/sketches/56523F91FB8FA3626961FDC660FDCFBE/../../cores/arduino_samd_mkr1000_5e30ad3070fa87fa8c95c243c0625563/core.a(USBCore.cpp.o)
 .bss._ZL20LastTransmitTimedOut
                0x00000000200003f5        0x7 /private/var/folders/f6/3cq9dwxx6pn4sdwk651kzpw80000gn/T/arduino/sketches/56523F91FB8FA3626961FDC660FDCFBE/../../cores/arduino_samd_mkr1000_5e30ad3070fa87fa8c95c243c0625563/core.a(USBCore.cpp.o)
 .bss._ZL21isRemoteWakeUpEnabled
                0x00000000200003fc        0x1 /private/var/folders/f6/3cq9dwxx6pn4sdwk651kzpw80000gn/T/arduino/sketches/56523F91FB8FA3626961FDC660FDCFBE/../../cores/arduino_samd_mkr1000_5e30ad3070fa87fa8c95c243c0625563/core.a(USBCore.cpp.o)
 *fill*         0x00000000200003fd        0x3 
 .bss._ZL22udd_ep_in_cache_buffer
                0x0000000020000400      0x1c0 /private/var/folders/f6/3cq9dwxx6pn4sdwk651kzpw80000gn/T/arduino/sketches/56523F91FB8FA3626961FDC660FDCFBE/../../cores/arduino_samd_mkr1000_5e30ad3070fa87fa8c95c243c0625563/core.a(USBCore.cpp.o)
 .bss._ZL23udd_ep_out_cache_buffer
                0x00000000200005c0      0x1c0 /private/var/folders/f6/3cq9dwxx6pn4sdwk651kzpw80000gn/T/arduino/sketches/56523F91FB8FA3626961FDC660FDCFBE/../../cores/arduino_samd_mkr1000_5e30ad3070fa87fa8c95c243c0625563/core.a(USBCore.cpp.o)
 .bss._dry_run  0x0000000020000780        0x1 /private/var/folders/f6/3cq9dwxx6pn4sdwk651kzpw80000gn/T/arduino/sketches/56523F91FB8FA3626961FDC660FDCFBE/../../cores/arduino_samd_mkr1000_5e30ad3070fa87fa8c95c243c0625563/core.a(USBCore.cpp.o)
                0x0000000020000780                _dry_run
 .bss._pack_buffer
                0x0000000020000781      0x100 /private/var/folders/f6/3cq9dwxx6pn4sdwk651kzpw80000gn/T/arduino/sketches/56523F91FB8FA3626961FDC660FDCFBE/../../cores/arduino_samd_mkr1000_5e30ad3070fa87fa8c95c243c0625563/core.a(USBCore.cpp.o)
                0x0000000020000781                _pack_buffer
 .bss._pack_message
                0x0000000020000881        0x1 /private/var/folders/f6/3cq9dwxx6pn4sdwk651kzpw80000gn/T/arduino/sketches/56523F91FB8FA3626961FDC660FDCFBE/../../cores/arduino_samd_mkr1000_5e30ad3070fa87fa8c95c243c0625563/core.a(USBCore.cpp.o)
                0x0000000020000881                _pack_message
 .bss._pack_size
                0x0000000020000882        0x2 /private/var/folders/f6/3cq9dwxx6pn4sdwk651kzpw80000gn/T/arduino/sketches/56523F91FB8FA3626961FDC660FDCFBE/../../cores/arduino_samd_mkr1000_5e30ad3070fa87fa8c95c243c0625563/core.a(USBCore.cpp.o)
                0x0000000020000882                _pack_size
 .bss._usbConfiguration
                0x0000000020000884        0x4 /private/var/folders/f6/3cq9dwxx6pn4sdwk651kzpw80000gn/T/arduino/sketches/56523F91FB8FA3626961FDC660FDCFBE/../../cores/arduino_samd_mkr1000_5e30ad3070fa87fa8c95c243c0625563/core.a(USBCore.cpp.o)
                0x0000000020000884                _usbConfiguration
 .bss._usbSetInterface
                0x0000000020000888        0x4 /private/var/folders/f6/3cq9dwxx6pn4sdwk651kzpw80000gn/T/arduino/sketches/56523F91FB8FA3626961FDC660FDCFBE/../../cores/arduino_samd_mkr1000_5e30ad3070fa87fa8c95c243c0625563/core.a(USBCore.cpp.o)
                0x0000000020000888                _usbSetInterface
 .bss.usbd      0x000000002000088c      0x104 /private/var/folders/f6/3cq9dwxx6pn4sdwk651kzpw80000gn/T/arduino/sketches/56523F91FB8FA3626961FDC660FDCFBE/../../cores/arduino_samd_mkr1000_5e30ad3070fa87fa8c95c243c0625563/core.a(USBCore.cpp.o)
                0x000000002000088c                usbd
 .bss.ISRcallback
                0x0000000020000990       0x44 /private/var/folders/f6/3cq9dwxx6pn4sdwk651kzpw80000gn/T/arduino/sketches/56523F91FB8FA3626961FDC660FDCFBE/../../cores/arduino_samd_mkr1000_5e30ad3070fa87fa8c95c243c0625563/core.a(WInterrupts.c.o)
 .bss.ISRlist   0x00000000200009d4       0x44 /private/var/folders/f6/3cq9dwxx6pn4sdwk651kzpw80000gn/T/arduino/sketches/56523F91FB8FA3626961FDC660FDCFBE/../../cores/arduino_samd_mkr1000_5e30ad3070fa87fa8c95c243c0625563/core.a(WInterrupts.c.o)
 .bss.enabled.13006
                0x0000000020000a18        0x4 /private/var/folders/f6/3cq9dwxx6pn4sdwk651kzpw80000gn/T/arduino/sketches/56523F91FB8FA3626961FDC660FDCFBE/../../cores/arduino_samd_mkr1000_5e30ad3070fa87fa8c95c243c0625563/core.a(WInterrupts.c.o)
 .bss.nints     0x0000000020000a1c        0x4 /private/var/folders/f6/3cq9dwxx6pn4sdwk651kzpw80000gn/T/arduino/sketches/56523F91FB8FA3626961FDC660FDCFBE/../../cores/arduino_samd_mkr1000_5e30ad3070fa87fa8c95c243c0625563/core.a(WInterrupts.c.o)
 .bss._ZGVZ12PluggableUSBvE3obj
                0x0000000020000a20        0x4 /private/var/folders/f6/3cq9dwxx6pn4sdwk651kzpw80000gn/T/arduino/sketches/56523F91FB8FA3626961FDC660FDCFBE/../../cores/arduino_samd_mkr1000_5e30ad3070fa87fa8c95c243c0625563/core.a(PluggableUSB.cpp.o)
 .bss._ZZ12PluggableUSBvE3obj
                0x0000000020000a24        0xc /private/var/folders/f6/3cq9dwxx6pn4sdwk651kzpw80000gn/T/arduino/sketches/56523F91FB8FA3626961FDC660FDCFBE/../../cores/arduino_samd_mkr1000_5e30ad3070fa87fa8c95c243c0625563/core.a(PluggableUSB.cpp.o)
 .bss.usb_isr   0x0000000020000a30        0x4 /private/var/folders/f6/3cq9dwxx6pn4sdwk651kzpw80000gn/T/arduino/sketches/56523F91FB8FA3626961FDC660FDCFBE/../../cores/arduino_samd_mkr1000_5e30ad3070fa87fa8c95c243c0625563/core.a(cortex_handlers.c.o)
 .bss._ulTickCount
                0x0000000020000a34        0x4 /private/var/folders/f6/3cq9dwxx6pn4sdwk651kzpw80000gn/T/arduino/sketches/56523F91FB8FA3626961FDC660FDCFBE/../../cores/arduino_samd_mkr1000_5e30ad3070fa87fa8c95c243c0625563/core.a(delay.c.o)
 .bss.__malloc_free_list
                0x0000000020000a38        0x4 /Users/farranmar/Library/Arduino15/packages/arduino/tools/arm-none-eabi-gcc/7-2017q4/bin/../lib/gcc/arm-none-eabi/7.2.1/../../../../arm-none-eabi/lib/thumb/v6-m/libc_nano.a(lib_a-nano-mallocr.o)
                0x0000000020000a38                __malloc_free_list
 .bss.__malloc_sbrk_start
                0x0000000020000a3c        0x4 /Users/farranmar/Library/Arduino15/packages/arduino/tools/arm-none-eabi-gcc/7-2017q4/bin/../lib/gcc/arm-none-eabi/7.2.1/../../../../arm-none-eabi/lib/thumb/v6-m/libc_nano.a(lib_a-nano-mallocr.o)
                0x0000000020000a3c                __malloc_sbrk_start
 .bss.heap_end.4102
                0x0000000020000a40        0x4 /Users/farranmar/Library/Arduino15/packages/arduino/tools/arm-none-eabi-gcc/7-2017q4/bin/../lib/gcc/arm-none-eabi/7.2.1/../../../../arm-none-eabi/lib/thumb/v6-m/libnosys.a(sbrk.o)
 *(COMMON)
 COMMON         0x0000000020000a44        0x4 /Users/farranmar/Library/Arduino15/packages/arduino/tools/arm-none-eabi-gcc/7-2017q4/bin/../lib/gcc/arm-none-eabi/7.2.1/../../../../arm-none-eabi/lib/thumb/v6-m/libc_nano.a(lib_a-reent.o)
                0x0000000020000a44                errno
                0x0000000020000a48                . = ALIGN (0x4)
                0x0000000020000a48                __bss_end__ = .

.heap           0x0000000020000a48        0x0
                0x0000000020000a48                __end__ = .
                0x0000000020000a48                PROVIDE (end, .)
 *(.heap*)
                0x0000000020000a48                __HeapLimit = .

.stack_dummy    0x0000000020000a48        0x0
 *(.stack*)
                0x0000000020008000                __StackTop = (ORIGIN (RAM) + LENGTH (RAM))
                0x0000000020008000                __StackLimit = (__StackTop - SIZEOF (.stack_dummy))
                0x0000000020008000                PROVIDE (__stack, __StackTop)
                0x0000000020007fff                __ram_end__ = ((ORIGIN (RAM) + LENGTH (RAM)) - 0x1)
                0x0000000000000001                ASSERT ((__StackLimit >= __HeapLimit), region RAM overflowed with stack)
OUTPUT(/private/var/folders/f6/3cq9dwxx6pn4sdwk651kzpw80000gn/T/arduino/sketches/56523F91FB8FA3626961FDC660FDCFBE/lie_detector.ino.elf elf32-littlearm)

.ARM.attributes
                0x0000000000000000       0x28
 .ARM.attributes
                0x0000000000000000       0x1e /Users/farranmar/Library/Arduino15/packages/arduino/tools/arm-none-eabi-gcc/7-2017q4/bin/../lib/gcc/arm-none-eabi/7.2.1/thumb/v6-m/crti.o
 .ARM.attributes
                0x000000000000001e       0x2c /Users/farranmar/Library/Arduino15/packages/arduino/tools/arm-none-eabi-gcc/7-2017q4/bin/../lib/gcc/arm-none-eabi/7.2.1/thumb/v6-m/crtbegin.o
 .ARM.attributes
                0x000000000000004a       0x32 /private/var/folders/f6/3cq9dwxx6pn4sdwk651kzpw80000gn/T/arduino/sketches/56523F91FB8FA3626961FDC660FDCFBE/sketch/lie_detector.ino.cpp.o
 .ARM.attributes
                0x000000000000007c       0x32 /private/var/folders/f6/3cq9dwxx6pn4sdwk651kzpw80000gn/T/arduino/sketches/56523F91FB8FA3626961FDC660FDCFBE/core/variant.cpp.o
 .ARM.attributes
                0x00000000000000ae       0x32 /private/var/folders/f6/3cq9dwxx6pn4sdwk651kzpw80000gn/T/arduino/sketches/56523F91FB8FA3626961FDC660FDCFBE/../../cores/arduino_samd_mkr1000_5e30ad3070fa87fa8c95c243c0625563/core.a(SERCOM.cpp.o)
 .ARM.attributes
                0x00000000000000e0       0x32 /private/var/folders/f6/3cq9dwxx6pn4sdwk651kzpw80000gn/T/arduino/sketches/56523F91FB8FA3626961FDC660FDCFBE/../../cores/arduino_samd_mkr1000_5e30ad3070fa87fa8c95c243c0625563/core.a(CDC.cpp.o)
 .ARM.attributes
                0x0000000000000112       0x32 /private/var/folders/f6/3cq9dwxx6pn4sdwk651kzpw80000gn/T/arduino/sketches/56523F91FB8FA3626961FDC660FDCFBE/../../cores/arduino_samd_mkr1000_5e30ad3070fa87fa8c95c243c0625563/core.a(USBCore.cpp.o)
 .ARM.attributes
                0x0000000000000144       0x32 /private/var/folders/f6/3cq9dwxx6pn4sdwk651kzpw80000gn/T/arduino/sketches/56523F91FB8FA3626961FDC660FDCFBE/../../cores/arduino_samd_mkr1000_5e30ad3070fa87fa8c95c243c0625563/core.a(Uart.cpp.o)
 .ARM.attributes
                0x0000000000000176       0x32 /private/var/folders/f6/3cq9dwxx6pn4sdwk651kzpw80000gn/T/arduino/sketches/56523F91FB8FA3626961FDC660FDCFBE/../../cores/arduino_samd_mkr1000_5e30ad3070fa87fa8c95c243c0625563/core.a(WInterrupts.c.o)
 .ARM.attributes
                0x00000000000001a8       0x32 /private/var/folders/f6/3cq9dwxx6pn4sdwk651kzpw80000gn/T/arduino/sketches/56523F91FB8FA3626961FDC660FDCFBE/../../cores/arduino_samd_mkr1000_5e30ad3070fa87fa8c95c243c0625563/core.a(PluggableUSB.cpp.o)
 .ARM.attributes
                0x00000000000001da       0x32 /private/var/folders/f6/3cq9dwxx6pn4sdwk651kzpw80000gn/T/arduino/sketches/56523F91FB8FA3626961FDC660FDCFBE/../../cores/arduino_samd_mkr1000_5e30ad3070fa87fa8c95c243c0625563/core.a(Print.cpp.o)
 .ARM.attributes
                0x000000000000020c       0x32 /private/var/folders/f6/3cq9dwxx6pn4sdwk651kzpw80000gn/T/arduino/sketches/56523F91FB8FA3626961FDC660FDCFBE/../../cores/arduino_samd_mkr1000_5e30ad3070fa87fa8c95c243c0625563/core.a(cortex_handlers.c.o)
 .ARM.attributes
                0x000000000000023e       0x32 /private/var/folders/f6/3cq9dwxx6pn4sdwk651kzpw80000gn/T/arduino/sketches/56523F91FB8FA3626961FDC660FDCFBE/../../cores/arduino_samd_mkr1000_5e30ad3070fa87fa8c95c243c0625563/core.a(delay.c.o)
 .ARM.attributes
                0x0000000000000270       0x32 /private/var/folders/f6/3cq9dwxx6pn4sdwk651kzpw80000gn/T/arduino/sketches/56523F91FB8FA3626961FDC660FDCFBE/../../cores/arduino_samd_mkr1000_5e30ad3070fa87fa8c95c243c0625563/core.a(hooks.c.o)
 .ARM.attributes
                0x00000000000002a2       0x32 /private/var/folders/f6/3cq9dwxx6pn4sdwk651kzpw80000gn/T/arduino/sketches/56523F91FB8FA3626961FDC660FDCFBE/../../cores/arduino_samd_mkr1000_5e30ad3070fa87fa8c95c243c0625563/core.a(main.cpp.o)
 .ARM.attributes
                0x00000000000002d4       0x32 /private/var/folders/f6/3cq9dwxx6pn4sdwk651kzpw80000gn/T/arduino/sketches/56523F91FB8FA3626961FDC660FDCFBE/../../cores/arduino_samd_mkr1000_5e30ad3070fa87fa8c95c243c0625563/core.a(new.cpp.o)
 .ARM.attributes
                0x0000000000000306       0x32 /private/var/folders/f6/3cq9dwxx6pn4sdwk651kzpw80000gn/T/arduino/sketches/56523F91FB8FA3626961FDC660FDCFBE/../../cores/arduino_samd_mkr1000_5e30ad3070fa87fa8c95c243c0625563/core.a(startup.c.o)
 .ARM.attributes
                0x0000000000000338       0x32 /private/var/folders/f6/3cq9dwxx6pn4sdwk651kzpw80000gn/T/arduino/sketches/56523F91FB8FA3626961FDC660FDCFBE/../../cores/arduino_samd_mkr1000_5e30ad3070fa87fa8c95c243c0625563/core.a(wiring.c.o)
 .ARM.attributes
                0x000000000000036a       0x32 /private/var/folders/f6/3cq9dwxx6pn4sdwk651kzpw80000gn/T/arduino/sketches/56523F91FB8FA3626961FDC660FDCFBE/../../cores/arduino_samd_mkr1000_5e30ad3070fa87fa8c95c243c0625563/core.a(wiring_analog.c.o)
 .ARM.attributes
                0x000000000000039c       0x32 /private/var/folders/f6/3cq9dwxx6pn4sdwk651kzpw80000gn/T/arduino/sketches/56523F91FB8FA3626961FDC660FDCFBE/../../cores/arduino_samd_mkr1000_5e30ad3070fa87fa8c95c243c0625563/core.a(wiring_digital.c.o)
 .ARM.attributes
                0x00000000000003ce       0x32 /private/var/folders/f6/3cq9dwxx6pn4sdwk651kzpw80000gn/T/arduino/sketches/56523F91FB8FA3626961FDC660FDCFBE/../../cores/arduino_samd_mkr1000_5e30ad3070fa87fa8c95c243c0625563/core.a(wiring_private.c.o)
 .ARM.attributes
                0x0000000000000400       0x32 /private/var/folders/f6/3cq9dwxx6pn4sdwk651kzpw80000gn/T/arduino/sketches/56523F91FB8FA3626961FDC660FDCFBE/../../cores/arduino_samd_mkr1000_5e30ad3070fa87fa8c95c243c0625563/core.a(Reset.cpp.o)
 .ARM.attributes
                0x0000000000000432       0x1e /Users/farranmar/Library/Arduino15/packages/arduino/tools/arm-none-eabi-gcc/7-2017q4/bin/../lib/gcc/arm-none-eabi/7.2.1/thumb/v6-m/libgcc.a(_thumb1_case_uqi.o)
 .ARM.attributes
                0x0000000000000450       0x1e /Users/farranmar/Library/Arduino15/packages/arduino/tools/arm-none-eabi-gcc/7-2017q4/bin/../lib/gcc/arm-none-eabi/7.2.1/thumb/v6-m/libgcc.a(_udivsi3.o)
 .ARM.attributes
                0x000000000000046e       0x1e /Users/farranmar/Library/Arduino15/packages/arduino/tools/arm-none-eabi-gcc/7-2017q4/bin/../lib/gcc/arm-none-eabi/7.2.1/thumb/v6-m/libgcc.a(_divsi3.o)
 .ARM.attributes
                0x000000000000048c       0x1e /Users/farranmar/Library/Arduino15/packages/arduino/tools/arm-none-eabi-gcc/7-2017q4/bin/../lib/gcc/arm-none-eabi/7.2.1/thumb/v6-m/libgcc.a(_dvmd_tls.o)
 .ARM.attributes
                0x00000000000004aa       0x2c /Users/farranmar/Library/Arduino15/packages/arduino/tools/arm-none-eabi-gcc/7-2017q4/bin/../lib/gcc/arm-none-eabi/7.2.1/../../../../arm-none-eabi/lib/thumb/v6-m/libc_nano.a(lib_a-impure.o)
 .ARM.attributes
                0x00000000000004d6       0x2c /Users/farranmar/Library/Arduino15/packages/arduino/tools/arm-none-eabi-gcc/7-2017q4/bin/../lib/gcc/arm-none-eabi/7.2.1/../../../../arm-none-eabi/lib/thumb/v6-m/libc_nano.a(lib_a-init.o)
 .ARM.attributes